###############################################################################
#
# IAR ELF Linker V8.30.1.114/W32 for ARM                  01/Mar/2020  18:47:18
# Copyright 2007-2018 IAR Systems AB.
#
#    Output file  =  
#        E:\Robocon_Value\implementV2\EWARM\SICK DT35\Exe\SICK DT35.out
#    Map file     =  
#        E:\Robocon_Value\implementV2\EWARM\SICK DT35\List\SICK DT35.map
#    Command line =  
#        -f C:\Users\DELL\AppData\Local\Temp\EW497D.tmp
#        ("E:\Robocon_Value\implementV2\EWARM\SICK DT35\Obj\adc.o"
#        "E:\Robocon_Value\implementV2\EWARM\SICK DT35\Obj\app_hooks.o"
#        "E:\Robocon_Value\implementV2\EWARM\SICK DT35\Obj\can.o"
#        "E:\Robocon_Value\implementV2\EWARM\SICK DT35\Obj\can_func.o"
#        "E:\Robocon_Value\implementV2\EWARM\SICK DT35\Obj\can_utils.o"
#        "E:\Robocon_Value\implementV2\EWARM\SICK DT35\Obj\cmd.o"
#        "E:\Robocon_Value\implementV2\EWARM\SICK DT35\Obj\cmd_func.o"
#        "E:\Robocon_Value\implementV2\EWARM\SICK DT35\Obj\cpu_a.o"
#        "E:\Robocon_Value\implementV2\EWARM\SICK DT35\Obj\cpu_bsp.o"
#        "E:\Robocon_Value\implementV2\EWARM\SICK DT35\Obj\cpu_core.o"
#        "E:\Robocon_Value\implementV2\EWARM\SICK DT35\Obj\dma.o"
#        "E:\Robocon_Value\implementV2\EWARM\SICK DT35\Obj\flash.o"
#        "E:\Robocon_Value\implementV2\EWARM\SICK DT35\Obj\gpio.o"
#        "E:\Robocon_Value\implementV2\EWARM\SICK DT35\Obj\hash.o"
#        "E:\Robocon_Value\implementV2\EWARM\SICK DT35\Obj\karman.o"
#        "E:\Robocon_Value\implementV2\EWARM\SICK DT35\Obj\lib_ascii.o"
#        "E:\Robocon_Value\implementV2\EWARM\SICK DT35\Obj\lib_math.o"
#        "E:\Robocon_Value\implementV2\EWARM\SICK DT35\Obj\lib_mem.o"
#        "E:\Robocon_Value\implementV2\EWARM\SICK DT35\Obj\lib_str.o"
#        "E:\Robocon_Value\implementV2\EWARM\SICK DT35\Obj\main.o"
#        "E:\Robocon_Value\implementV2\EWARM\SICK DT35\Obj\os_core.o"
#        "E:\Robocon_Value\implementV2\EWARM\SICK DT35\Obj\os_cpu_a.o"
#        "E:\Robocon_Value\implementV2\EWARM\SICK DT35\Obj\os_cpu_c.o"
#        "E:\Robocon_Value\implementV2\EWARM\SICK DT35\Obj\os_dbg.o"
#        "E:\Robocon_Value\implementV2\EWARM\SICK DT35\Obj\os_flag.o"
#        "E:\Robocon_Value\implementV2\EWARM\SICK DT35\Obj\os_mbox.o"
#        "E:\Robocon_Value\implementV2\EWARM\SICK DT35\Obj\os_mem.o"
#        "E:\Robocon_Value\implementV2\EWARM\SICK DT35\Obj\os_mutex.o"
#        "E:\Robocon_Value\implementV2\EWARM\SICK DT35\Obj\os_q.o"
#        "E:\Robocon_Value\implementV2\EWARM\SICK DT35\Obj\os_sem.o"
#        "E:\Robocon_Value\implementV2\EWARM\SICK DT35\Obj\os_task.o"
#        "E:\Robocon_Value\implementV2\EWARM\SICK DT35\Obj\os_time.o"
#        "E:\Robocon_Value\implementV2\EWARM\SICK DT35\Obj\os_tmr.o"
#        "E:\Robocon_Value\implementV2\EWARM\SICK DT35\Obj\SICK_DT35.o"
#        "E:\Robocon_Value\implementV2\EWARM\SICK DT35\Obj\simplelib.o"
#        "E:\Robocon_Value\implementV2\EWARM\SICK
#        DT35\Obj\startup_stm32f407xx.o"
#        "E:\Robocon_Value\implementV2\EWARM\SICK DT35\Obj\stm32f4xx_hal.o"
#        "E:\Robocon_Value\implementV2\EWARM\SICK DT35\Obj\stm32f4xx_hal_adc.o"
#        "E:\Robocon_Value\implementV2\EWARM\SICK
#        DT35\Obj\stm32f4xx_hal_adc_ex.o"
#        "E:\Robocon_Value\implementV2\EWARM\SICK DT35\Obj\stm32f4xx_hal_can.o"
#        "E:\Robocon_Value\implementV2\EWARM\SICK
#        DT35\Obj\stm32f4xx_hal_cortex.o"
#        "E:\Robocon_Value\implementV2\EWARM\SICK DT35\Obj\stm32f4xx_hal_dma.o"
#        "E:\Robocon_Value\implementV2\EWARM\SICK
#        DT35\Obj\stm32f4xx_hal_dma_ex.o"
#        "E:\Robocon_Value\implementV2\EWARM\SICK
#        DT35\Obj\stm32f4xx_hal_exti.o"
#        "E:\Robocon_Value\implementV2\EWARM\SICK
#        DT35\Obj\stm32f4xx_hal_flash.o"
#        "E:\Robocon_Value\implementV2\EWARM\SICK
#        DT35\Obj\stm32f4xx_hal_flash_ex.o"
#        "E:\Robocon_Value\implementV2\EWARM\SICK
#        DT35\Obj\stm32f4xx_hal_flash_ramfunc.o"
#        "E:\Robocon_Value\implementV2\EWARM\SICK
#        DT35\Obj\stm32f4xx_hal_gpio.o"
#        "E:\Robocon_Value\implementV2\EWARM\SICK DT35\Obj\stm32f4xx_hal_msp.o"
#        "E:\Robocon_Value\implementV2\EWARM\SICK DT35\Obj\stm32f4xx_hal_pwr.o"
#        "E:\Robocon_Value\implementV2\EWARM\SICK
#        DT35\Obj\stm32f4xx_hal_pwr_ex.o"
#        "E:\Robocon_Value\implementV2\EWARM\SICK DT35\Obj\stm32f4xx_hal_rcc.o"
#        "E:\Robocon_Value\implementV2\EWARM\SICK
#        DT35\Obj\stm32f4xx_hal_rcc_ex.o"
#        "E:\Robocon_Value\implementV2\EWARM\SICK DT35\Obj\stm32f4xx_hal_tim.o"
#        "E:\Robocon_Value\implementV2\EWARM\SICK
#        DT35\Obj\stm32f4xx_hal_tim_ex.o"
#        "E:\Robocon_Value\implementV2\EWARM\SICK
#        DT35\Obj\stm32f4xx_hal_uart.o"
#        "E:\Robocon_Value\implementV2\EWARM\SICK DT35\Obj\stm32f4xx_it.o"
#        "E:\Robocon_Value\implementV2\EWARM\SICK DT35\Obj\stmflash.o"
#        "E:\Robocon_Value\implementV2\EWARM\SICK DT35\Obj\system_stm32f4xx.o"
#        "E:\Robocon_Value\implementV2\EWARM\SICK DT35\Obj\task.o"
#        "E:\Robocon_Value\implementV2\EWARM\SICK DT35\Obj\tim.o"
#        "E:\Robocon_Value\implementV2\EWARM\SICK DT35\Obj\ucos_ii.o"
#        "E:\Robocon_Value\implementV2\EWARM\SICK DT35\Obj\usart.o"
#        "E:\Robocon_Value\implementV2\EWARM\SICK DT35\Obj\utils.o" --redirect
#        _Printf=_PrintfFull --redirect _Scanf=_ScanfFull --no_out_extension -o
#        "E:\Robocon_Value\implementV2\EWARM\SICK DT35\Exe\SICK DT35.out" --map
#        "E:\Robocon_Value\implementV2\EWARM\SICK DT35\List\SICK DT35.map"
#        --config E:\Robocon_Value\implementV2\EWARM/stm32f407xx_flash.icf
#        --semihosting --entry __iar_program_start --vfe --text_out locale)
#
###############################################################################

*******************************************************************************
*** RUNTIME MODEL ATTRIBUTES
***

CppFlavor       = *
__Heap_Handler  = DLMalloc
__SystemLibrary = DLib
__dlib_version  = 6


*******************************************************************************
*** HEAP SELECTION
***

The advanced heap was selected because the application calls memory
allocation functions outside of system library functions, and there
are calls to deallocation functions in the application.


*******************************************************************************
*** PLACEMENT SUMMARY
***

"A0":  place at 0x800'0000 { ro section .intvec };
"P1":  place in [from 0x800'0000 to 0x80f'ffff] { ro };
define block CSTACK with size = 4608, alignment = 8 { };
define block HEAP with size = 1536, alignment = 8 { };
"P2":  place in [from 0x2000'0000 to 0x2001'ffff] {
          rw, block CSTACK, block HEAP };
initialize by copy { rw };

  Section            Kind         Address    Size  Object
  -------            ----         -------    ----  ------
"A0":                                       0x188
  .intvec            ro code   0x800'0000   0x188  startup_stm32f407xx.o [1]
                             - 0x800'0188   0x188

"P1":                                      0x5b44
  .text              ro code   0x800'0188   0xa5c  os_core.o [1]
  CODE               ro code   0x800'0be4    0xd8  os_cpu_a.o [1]
  .text              ro code   0x800'0cbc   0x300  os_cpu_c.o [1]
  .text              ro code   0x800'0fbc    0x94  os_flag.o [1]
  .text              ro code   0x800'1050    0x6c  os_mem.o [1]
  .text              ro code   0x800'10bc    0x60  os_q.o [1]
  .text              ro code   0x800'111c   0x2a4  os_tmr.o [1]
  .text              ro code   0x800'13c0   0x1c0  os_dbg.o [1]
  .text              ro code   0x800'1580   0x4ec  os_task.o [1]
  .text              ro code   0x800'1a6c   0x150  os_time.o [1]
  .text              ro code   0x800'1bbc    0x10  app_hooks.o [1]
  .text              ro code   0x800'1bcc   0x1b6  os_sem.o [1]
  .text              ro code   0x800'1d82    0x3a  zero_init3.o [4]
  .text              ro code   0x800'1dbc   0x828  stm32f4xx_hal_uart.o [1]
  .text              ro code   0x800'25e4   0x646  usart.o [1]
  .rodata            const     0x800'2c2a     0x2  os_dbg.o [1]
  .text              ro code   0x800'2c2c   0x54c  stm32f4xx_hal_dma.o [1]
  .text              ro code   0x800'3178     0x2  stm32f4xx_hal_uart.o [1]
  .text              ro code   0x800'317a     0x2  stm32f4xx_hal_uart.o [1]
  .text              ro code   0x800'317c     0x2  stm32f4xx_hal_uart.o [1]
  .rodata            const     0x800'317e     0x2  os_dbg.o [1]
  .text              ro code   0x800'3180   0x228  stm32f4xx_hal_rcc.o [1]
  .text              ro code   0x800'33a8   0x1ba  main.o [1]
  .rodata            const     0x800'3562     0x2  os_dbg.o [1]
  .text              ro code   0x800'3564     0x6  ABImemclr4.o [4]
  .rodata            const     0x800'356a     0x2  os_dbg.o [1]
  .text              ro code   0x800'356c   0x294  stm32f4xx_hal_gpio.o [1]
  .text              ro code   0x800'3800   0x230  I64DivMod.o [4]
  .text              ro code   0x800'3a30    0x40  stm32f4xx_hal.o [1]
  CODE               ro code   0x800'3a70    0x34  cpu_a.o [1]
  .text              ro code   0x800'3aa4   0x3c0  stm32f4xx_hal_rcc.o [1]
  .text              ro code   0x800'3e64   0x114  stm32f4xx_hal_cortex.o [1]
  .text              ro code   0x800'3f78   0x2c8  gpio.o [1]
  .text              ro code   0x800'4240    0x90  dma.o [1]
  .text              ro code   0x800'42d0    0xe4  can.o [1]
  .text              ro code   0x800'43b4   0x238  tim.o [1]
  .text              ro code   0x800'45ec   0x16c  adc.o [1]
  .text              ro code   0x800'4758    0x32  ABImemset48.o [4]
  .rodata            const     0x800'478a     0x2  os_dbg.o [1]
  .text              ro code   0x800'478c     0x2  I64DivZer.o [4]
  .rodata            const     0x800'478e     0x2  os_dbg.o [1]
  .text              ro code   0x800'4790    0x48  stm32f4xx_hal_msp.o [1]
  .text              ro code   0x800'47d8   0x4e8  stm32f4xx_hal_can.o [1]
  .text              ro code   0x800'4cc0   0x552  stm32f4xx_hal_tim.o [1]
  .rodata            const     0x800'5212     0x2  os_dbg.o [1]
  .text              ro code   0x800'5214    0xaa  stm32f4xx_hal_tim_ex.o [1]
  .rodata            const     0x800'52be     0x2  os_dbg.o [1]
  .text              ro code   0x800'52c0   0x354  stm32f4xx_hal_adc.o [1]
  .text              ro code   0x800'5614     0x2  stm32f4xx_hal_can.o [1]
  .text              ro code   0x800'5616     0x2  stm32f4xx_hal_can.o [1]
  .text              ro code   0x800'5618     0x2  stm32f4xx_hal_can.o [1]
  .text              ro code   0x800'561a     0x2  stm32f4xx_hal_can.o [1]
  .text              ro code   0x800'561c     0x2  stm32f4xx_hal_can.o [1]
  .text              ro code   0x800'561e     0x2  stm32f4xx_hal_can.o [1]
  .text              ro code   0x800'5620    0x44  can_utils.o [1]
  .text              ro code   0x800'5664     0x2  stm32f4xx_hal_can.o [1]
  .text              ro code   0x800'5666     0x2  stm32f4xx_hal_can.o [1]
  .text              ro code   0x800'5668     0x2  stm32f4xx_hal_can.o [1]
  .text              ro code   0x800'566a     0x2  stm32f4xx_hal_can.o [1]
  .text              ro code   0x800'566c     0x2  stm32f4xx_hal_can.o [1]
  .rodata            const     0x800'566e     0x2  os_dbg.o [1]
  .rodata            const     0x800'5670   0x100  os_core.o [1]
  .text              ro code   0x800'5770    0xa4  stm32f4xx_it.o [1]
  .text              ro code   0x800'5814    0x90  cmd.o [1]
  .text              ro code   0x800'58a4    0x4c  strcpy.o [4]
  .text              ro code   0x800'58f0    0x66  ABImemset.o [4]
  .rodata            const     0x800'5956     0x2  os_dbg.o [1]
  .text              ro code   0x800'5958    0x6c  system_stm32f4xx.o [1]
  .text              ro code   0x800'59c4    0x2c  copy_init3.o [4]
  .text              ro code   0x800'59f0    0x28  data_init.o [4]
  .text              ro code   0x800'5a18    0x22  fpinit_M.o [3]
  .iar.init_table    const     0x800'5a3c    0x24  - Linker created -
  .rodata            const     0x800'5a60     0x2  os_dbg.o [1]
  .text              ro code   0x800'5a64    0x1e  cmain.o [4]
  .text              ro code   0x800'5a82     0x4  low_level_init.o [2]
  .text              ro code   0x800'5a86     0x4  exit.o [2]
  .rodata            const     0x800'5a8a     0x2  os_dbg.o [1]
  .text              ro code   0x800'5a8c     0xa  cexit.o [4]
  .rodata            const     0x800'5a96     0x2  os_dbg.o [1]
  .text              ro code   0x800'5a98    0x14  exit.o [5]
  .rodata            const     0x800'5aac    0x14  os_tmr.o [1]
  .rodata            const     0x800'5ac0    0x14  os_tmr.o [1]
  .rodata            const     0x800'5ad4    0x10  os_core.o [1]
  .rodata            const     0x800'5ae4    0x10  os_core.o [1]
  .rodata            const     0x800'5af4    0x10  os_tmr.o [1]
  .rodata            const     0x800'5b04    0x10  system_stm32f4xx.o [1]
  .text              ro code   0x800'5b14    0x10  startup_stm32f407xx.o [1]
  .text              ro code   0x800'5b24     0xc  cstartup_M.o [4]
  .rodata            const     0x800'5b30     0x8  stm32f4xx_hal_dma.o [1]
  .rodata            const     0x800'5b38     0x8  system_stm32f4xx.o [1]
  .rodata            const     0x800'5b40     0x8  tim.o [1]
  .rodata            const     0x800'5b48     0x8  tim.o [1]
  .rodata            const     0x800'5b50     0x4  os_dbg.o [1]
  .text              ro code   0x800'5b54     0x4  startup_stm32f407xx.o [1]
  .text              ro code   0x800'5b58     0x4  startup_stm32f407xx.o [1]
  .text              ro code   0x800'5b5c     0x4  startup_stm32f407xx.o [1]
  .text              ro code   0x800'5b60     0x4  startup_stm32f407xx.o [1]
  .text              ro code   0x800'5b64     0x4  startup_stm32f407xx.o [1]
  .text              ro code   0x800'5b68     0x4  startup_stm32f407xx.o [1]
  .text              ro code   0x800'5b6c     0x4  startup_stm32f407xx.o [1]
  .text              ro code   0x800'5b70     0x4  startup_stm32f407xx.o [1]
  .text              ro code   0x800'5b74     0x4  startup_stm32f407xx.o [1]
  .text              ro code   0x800'5b78     0x4  startup_stm32f407xx.o [1]
  .text              ro code   0x800'5b7c     0x4  startup_stm32f407xx.o [1]
  .text              ro code   0x800'5b80     0x4  startup_stm32f407xx.o [1]
  .text              ro code   0x800'5b84     0x4  startup_stm32f407xx.o [1]
  .text              ro code   0x800'5b88     0x4  startup_stm32f407xx.o [1]
  .text              ro code   0x800'5b8c     0x4  startup_stm32f407xx.o [1]
  .text              ro code   0x800'5b90     0x4  startup_stm32f407xx.o [1]
  .text              ro code   0x800'5b94     0x4  startup_stm32f407xx.o [1]
  .text              ro code   0x800'5b98     0x4  startup_stm32f407xx.o [1]
  .text              ro code   0x800'5b9c     0x4  startup_stm32f407xx.o [1]
  .text              ro code   0x800'5ba0     0x4  startup_stm32f407xx.o [1]
  .text              ro code   0x800'5ba4     0x4  startup_stm32f407xx.o [1]
  .text              ro code   0x800'5ba8     0x4  startup_stm32f407xx.o [1]
  .text              ro code   0x800'5bac     0x4  startup_stm32f407xx.o [1]
  .text              ro code   0x800'5bb0     0x4  startup_stm32f407xx.o [1]
  .text              ro code   0x800'5bb4     0x4  startup_stm32f407xx.o [1]
  .text              ro code   0x800'5bb8     0x4  startup_stm32f407xx.o [1]
  .text              ro code   0x800'5bbc     0x4  startup_stm32f407xx.o [1]
  .text              ro code   0x800'5bc0     0x4  startup_stm32f407xx.o [1]
  .text              ro code   0x800'5bc4     0x4  startup_stm32f407xx.o [1]
  .text              ro code   0x800'5bc8     0x4  startup_stm32f407xx.o [1]
  .text              ro code   0x800'5bcc     0x4  startup_stm32f407xx.o [1]
  .text              ro code   0x800'5bd0     0x4  startup_stm32f407xx.o [1]
  .text              ro code   0x800'5bd4     0x4  startup_stm32f407xx.o [1]
  .text              ro code   0x800'5bd8     0x4  startup_stm32f407xx.o [1]
  .text              ro code   0x800'5bdc     0x4  startup_stm32f407xx.o [1]
  .text              ro code   0x800'5be0     0x4  startup_stm32f407xx.o [1]
  .text              ro code   0x800'5be4     0x4  startup_stm32f407xx.o [1]
  .text              ro code   0x800'5be8     0x4  startup_stm32f407xx.o [1]
  .text              ro code   0x800'5bec     0x4  startup_stm32f407xx.o [1]
  .text              ro code   0x800'5bf0     0x4  startup_stm32f407xx.o [1]
  .text              ro code   0x800'5bf4     0x4  startup_stm32f407xx.o [1]
  .text              ro code   0x800'5bf8     0x4  startup_stm32f407xx.o [1]
  .text              ro code   0x800'5bfc     0x4  startup_stm32f407xx.o [1]
  .text              ro code   0x800'5c00     0x4  startup_stm32f407xx.o [1]
  .text              ro code   0x800'5c04     0x4  startup_stm32f407xx.o [1]
  .text              ro code   0x800'5c08     0x4  startup_stm32f407xx.o [1]
  .text              ro code   0x800'5c0c     0x4  startup_stm32f407xx.o [1]
  .text              ro code   0x800'5c10     0x4  startup_stm32f407xx.o [1]
  .text              ro code   0x800'5c14     0x4  startup_stm32f407xx.o [1]
  .text              ro code   0x800'5c18     0x4  startup_stm32f407xx.o [1]
  .text              ro code   0x800'5c1c     0x4  startup_stm32f407xx.o [1]
  .text              ro code   0x800'5c20     0x4  startup_stm32f407xx.o [1]
  .text              ro code   0x800'5c24     0x4  startup_stm32f407xx.o [1]
  .text              ro code   0x800'5c28     0x4  startup_stm32f407xx.o [1]
  .text              ro code   0x800'5c2c     0x4  startup_stm32f407xx.o [1]
  .text              ro code   0x800'5c30     0x4  startup_stm32f407xx.o [1]
  .text              ro code   0x800'5c34     0x4  startup_stm32f407xx.o [1]
  .text              ro code   0x800'5c38     0x4  startup_stm32f407xx.o [1]
  .text              ro code   0x800'5c3c     0x4  startup_stm32f407xx.o [1]
  .text              ro code   0x800'5c40     0x4  startup_stm32f407xx.o [1]
  .text              ro code   0x800'5c44     0x4  startup_stm32f407xx.o [1]
  .text              ro code   0x800'5c48     0x4  startup_stm32f407xx.o [1]
  .text              ro code   0x800'5c4c     0x4  startup_stm32f407xx.o [1]
  .text              ro code   0x800'5c50     0x4  startup_stm32f407xx.o [1]
  .text              ro code   0x800'5c54     0x4  startup_stm32f407xx.o [1]
  .text              ro code   0x800'5c58     0x4  startup_stm32f407xx.o [1]
  .text              ro code   0x800'5c5c     0x4  startup_stm32f407xx.o [1]
  .text              ro code   0x800'5c60     0x4  startup_stm32f407xx.o [1]
  .text              ro code   0x800'5c64     0x4  startup_stm32f407xx.o [1]
  .text              ro code   0x800'5c68     0x4  startup_stm32f407xx.o [1]
  .text              ro code   0x800'5c6c     0x4  startup_stm32f407xx.o [1]
  .text              ro code   0x800'5c70     0x4  startup_stm32f407xx.o [1]
  Initializer bytes  const     0x800'5c74     0x4  <for P2-1>
  .rodata            const     0x800'5c78     0x2  os_dbg.o [1]
  .rodata            const     0x800'5c7a     0x2  os_dbg.o [1]
  .rodata            const     0x800'5c7c     0x2  os_dbg.o [1]
  .rodata            const     0x800'5c7e     0x2  os_dbg.o [1]
  .rodata            const     0x800'5c80     0x2  os_dbg.o [1]
  .rodata            const     0x800'5c82     0x2  os_dbg.o [1]
  .rodata            const     0x800'5c84     0x2  os_dbg.o [1]
  .rodata            const     0x800'5c86     0x2  os_dbg.o [1]
  .rodata            const     0x800'5c88     0x2  os_dbg.o [1]
  .rodata            const     0x800'5c8a     0x2  os_dbg.o [1]
  .rodata            const     0x800'5c8c     0x2  os_dbg.o [1]
  .rodata            const     0x800'5c8e     0x2  os_dbg.o [1]
  .rodata            const     0x800'5c90     0x2  os_dbg.o [1]
  .rodata            const     0x800'5c92     0x2  os_dbg.o [1]
  .rodata            const     0x800'5c94     0x2  os_dbg.o [1]
  .rodata            const     0x800'5c96     0x2  os_dbg.o [1]
  .rodata            const     0x800'5c98     0x2  os_dbg.o [1]
  .rodata            const     0x800'5c9a     0x2  os_dbg.o [1]
  .rodata            const     0x800'5c9c     0x2  os_dbg.o [1]
  .rodata            const     0x800'5c9e     0x2  os_dbg.o [1]
  .rodata            const     0x800'5ca0     0x2  os_dbg.o [1]
  .rodata            const     0x800'5ca2     0x2  os_dbg.o [1]
  .rodata            const     0x800'5ca4     0x2  os_dbg.o [1]
  .rodata            const     0x800'5ca6     0x2  os_dbg.o [1]
  .rodata            const     0x800'5ca8     0x2  os_dbg.o [1]
  .rodata            const     0x800'5caa     0x2  os_dbg.o [1]
  .rodata            const     0x800'5cac     0x2  os_dbg.o [1]
  .rodata            const     0x800'5cae     0x2  os_dbg.o [1]
  .rodata            const     0x800'5cb0     0x2  os_dbg.o [1]
  .rodata            const     0x800'5cb2     0x2  os_dbg.o [1]
  .rodata            const     0x800'5cb4     0x2  os_dbg.o [1]
  .rodata            const     0x800'5cb6     0x2  os_dbg.o [1]
  .rodata            const     0x800'5cb8     0x2  os_dbg.o [1]
  .rodata            const     0x800'5cba     0x2  os_dbg.o [1]
  .rodata            const     0x800'5cbc     0x2  os_dbg.o [1]
  .rodata            const     0x800'5cbe     0x2  os_dbg.o [1]
  .rodata            const     0x800'5cc0     0x2  os_dbg.o [1]
  .rodata            const     0x800'5cc2     0x2  os_dbg.o [1]
  .rodata            const     0x800'5cc4     0x2  os_dbg.o [1]
  .rodata            const     0x800'5cc6     0x2  os_dbg.o [1]
  .rodata            const     0x800'5cc8     0x2  os_dbg.o [1]
  .rodata            const     0x800'5cca     0x2  os_dbg.o [1]
  .rodata            const     0x800'5ccc     0x0  zero_init3.o [4]
  .rodata            const     0x800'5ccc     0x0  copy_init3.o [4]
                             - 0x800'5ccc  0x5b44

"P2", part 1 of 3:                            0x4
  P2-1                        0x2000'0000     0x4  <Init block>
    .data            inited   0x2000'0000     0x4  system_stm32f4xx.o [1]
                            - 0x2000'0004     0x4

"P2", part 2 of 3:                         0x2518
  .bss               zero     0x2000'0004   0x800  os_cpu_c.o [1]
  .bss               zero     0x2000'0804   0x790  os_core.o [1]
  .bss               zero     0x2000'0f94   0x400  main.o [1]
  .bss               zero     0x2000'1394   0x280  os_core.o [1]
  .bss               zero     0x2000'1614   0x200  os_core.o [1]
  .bss               zero     0x2000'1814   0x200  os_core.o [1]
  .bss               zero     0x2000'1a14   0x200  os_core.o [1]
  .bss               zero     0x2000'1c14   0x100  os_core.o [1]
  .bss               zero     0x2000'1d14    0xf0  os_core.o [1]
  .bss               zero     0x2000'1e04    0x78  os_core.o [1]
  .bss               zero     0x2000'1e7c    0x64  cmd.o [1]
  .bss               zero     0x2000'1ee0    0x64  cmd.o [1]
  .bss               zero     0x2000'1f44    0x60  adc.o [1]
  .bss               zero     0x2000'1fa4    0x60  os_core.o [1]
  .bss               zero     0x2000'2004    0x60  usart.o [1]
  .bss               zero     0x2000'2064    0x60  usart.o [1]
  .bss               zero     0x2000'20c4    0x60  usart.o [1]
  .bss               zero     0x2000'2124    0x60  usart.o [1]
  .bss               zero     0x2000'2184    0x50  os_core.o [1]
  .bss               zero     0x2000'21d4    0x48  adc.o [1]
  .bss               zero     0x2000'221c    0x40  cmd.o [1]
  .bss               zero     0x2000'225c    0x40  tim.o [1]
  .bss               zero     0x2000'229c    0x40  tim.o [1]
  .bss               zero     0x2000'22dc    0x40  usart.o [1]
  .bss               zero     0x2000'231c    0x40  usart.o [1]
  .bss               zero     0x2000'235c    0x40  usart.o [1]
  .bss               zero     0x2000'239c    0x40  usart.o [1]
  .bss               zero     0x2000'23dc    0x40  usart.o [1]
  .bss               zero     0x2000'241c    0x38  os_core.o [1]
  .bss               zero     0x2000'2454    0x28  can.o [1]
  .bss               zero     0x2000'247c    0x1c  can_utils.o [1]
  .bss               zero     0x2000'2498     0x4  can_utils.o [1]
  .bss               zero     0x2000'24a0     0x8  can_utils.o [1]
  .bss               zero     0x2000'24a8     0x8  can_utils.o [1]
  .bss               zero     0x2000'24b0     0x8  os_core.o [1]
  .bss               zero     0x2000'24b8     0x4  can_utils.o [1]
  .bss               zero     0x2000'24bc     0x4  cmd.o [1]
  .bss               zero     0x2000'24c0     0x4  os_core.o [1]
  .bss               zero     0x2000'24c4     0x4  os_core.o [1]
  .bss               zero     0x2000'24c8     0x4  os_core.o [1]
  .bss               zero     0x2000'24cc     0x4  os_core.o [1]
  .bss               zero     0x2000'24d0     0x4  os_core.o [1]
  .bss               zero     0x2000'24d4     0x4  os_core.o [1]
  .bss               zero     0x2000'24d8     0x4  os_core.o [1]
  .bss               zero     0x2000'24dc     0x4  os_core.o [1]
  .bss               zero     0x2000'24e0     0x4  os_core.o [1]
  .bss               zero     0x2000'24e4     0x4  os_core.o [1]
  .bss               zero     0x2000'24e8     0x4  os_core.o [1]
  .bss               zero     0x2000'24ec     0x4  os_core.o [1]
  .bss               zero     0x2000'24f0     0x4  os_core.o [1]
  .bss               zero     0x2000'24f4     0x4  os_core.o [1]
  .bss               zero     0x2000'24f8     0x4  os_core.o [1]
  .bss               zero     0x2000'24fc     0x4  os_core.o [1]
  .bss               zero     0x2000'2500     0x4  os_core.o [1]
  .bss               zero     0x2000'2504     0x4  os_cpu_c.o [1]
  .bss               zero     0x2000'2508     0x2  os_core.o [1]
  .bss               zero     0x2000'250a     0x2  os_core.o [1]
  .bss               zero     0x2000'250c     0x2  os_cpu_c.o [1]
  .bss               zero     0x2000'250e     0x1  os_core.o [1]
  .bss               zero     0x2000'250f     0x1  os_core.o [1]
  .bss               zero     0x2000'2510     0x1  os_core.o [1]
  .bss               zero     0x2000'2511     0x1  os_core.o [1]
  .bss               zero     0x2000'2512     0x1  os_core.o [1]
  .bss               zero     0x2000'2513     0x1  os_core.o [1]
  .bss               zero     0x2000'2514     0x1  os_core.o [1]
  .bss               zero     0x2000'2515     0x1  os_core.o [1]
  .bss               zero     0x2000'2516     0x1  os_core.o [1]
  .bss               zero     0x2000'2517     0x1  os_core.o [1]
  .bss               zero     0x2000'2518     0x1  os_core.o [1]
                            - 0x2000'2519  0x2515

"P2", part 3 of 3:                         0x1200
  CSTACK                      0x2000'2520  0x1200  <Block>
    CSTACK           uninit   0x2000'2520  0x1200  <Block tail>
                            - 0x2000'3720  0x1200

Unused ranges:

         From           To      Size
         ----           --      ----
   0x800'5ccc   0x80f'ffff  0xf'a334
  0x2000'251c  0x2000'251f       0x4
  0x2000'3720  0x2001'ffff  0x1'c8e0


*******************************************************************************
*** INIT TABLE
***

          Address      Size
          -------      ----
Zero (__iar_zero_init3)
    1 destination range, total size 0x2515:
          0x2000'0004  0x2515

Copy (__iar_copy_init3)
    1 source range, total size 0x4:
           0x800'5c74     0x4
    1 destination range, total size 0x4:
          0x2000'0000     0x4



*******************************************************************************
*** MODULE SUMMARY
***

    Module                  ro code  ro data  rw data
    ------                  -------  -------  -------
command line/config:
    -------------------------------------------------
    Total:

E:\Robocon_Value\implementV2\EWARM\SICK DT35\Obj: [1]
    adc.o                       364               168
    app_hooks.o                  16
    can.o                       228                40
    can_utils.o                  68                52
    cmd.o                       144               268
    cpu_a.o                      52
    dma.o                       144
    gpio.o                      712
    main.o                      442             1 024
    os_core.o                 2 652      288    5 051
    os_cpu_a.o                  216
    os_cpu_c.o                  768             2 054
    os_dbg.o                    448      114
    os_flag.o                   148
    os_mem.o                    108
    os_q.o                       96
    os_sem.o                    438
    os_task.o                 1 260
    os_time.o                   336
    os_tmr.o                    676       56
    startup_stm32f407xx.o       696
    stm32f4xx_hal.o              64
    stm32f4xx_hal_adc.o         852
    stm32f4xx_hal_can.o       1 278
    stm32f4xx_hal_cortex.o      276
    stm32f4xx_hal_dma.o       1 356        8
    stm32f4xx_hal_gpio.o        660
    stm32f4xx_hal_msp.o          72
    stm32f4xx_hal_rcc.o       1 512
    stm32f4xx_hal_tim.o       1 362
    stm32f4xx_hal_tim_ex.o      170
    stm32f4xx_hal_uart.o      2 094
    stm32f4xx_it.o              164
    system_stm32f4xx.o          108       28        4
    tim.o                       568       16      128
    usart.o                   1 606               704
    -------------------------------------------------
    Total:                   22 154      510    9 493

dl7M_tlf.a: [2]
    exit.o                        4
    low_level_init.o              4
    -------------------------------------------------
    Total:                        8

m7M_tls.a: [3]
    fpinit_M.o                   34
    -------------------------------------------------
    Total:                       34

rt7M_tl.a: [4]
    ABImemclr4.o                  6
    ABImemset.o                 102
    ABImemset48.o                50
    I64DivMod.o                 560
    I64DivZer.o                   2
    cexit.o                      10
    cmain.o                      30
    copy_init3.o                 44
    cstartup_M.o                 12
    data_init.o                  40
    strcpy.o                     76
    zero_init3.o                 58
    -------------------------------------------------
    Total:                      990

shb_l.a: [5]
    exit.o                       20
    -------------------------------------------------
    Total:                       20

    Gaps                          2        2        4
    Linker created                        36    4 608
-----------------------------------------------------
    Grand Total:             23 208      548   14 105


*******************************************************************************
*** ENTRY LIST
***

Entry                       Address   Size  Type      Object
-----                       -------   ----  ----      ------
.iar.init_table$$Base    0x800'5a3c          --   Gb  - Linker created -
.iar.init_table$$Limit   0x800'5a60          --   Gb  - Linker created -
?main                    0x800'5a65         Code  Gb  cmain.o [4]
ADC_Init                 0x800'54a5  0x15a  Code  Lc  stm32f4xx_hal_adc.o [1]
AHBPrescTable            0x800'5b04   0x10  Data  Gb  system_stm32f4xx.o [1]
APBPrescTable            0x800'5b38    0x8  Data  Gb  system_stm32f4xx.o [1]
AppTaskStart             0x800'34f5   0x54  Code  Lc  main.o [1]
App_TCBInitHook          0x800'1bc9    0x2  Code  Gb  app_hooks.o [1]
App_TaskCreateHook       0x800'1bbd    0x2  Code  Gb  app_hooks.o [1]
App_TaskDelHook          0x800'1bbf    0x2  Code  Gb  app_hooks.o [1]
App_TaskIdleHook         0x800'1bc1    0x2  Code  Gb  app_hooks.o [1]
App_TaskReturnHook       0x800'1bc5    0x2  Code  Gb  app_hooks.o [1]
App_TaskStartStk        0x2000'0f94  0x400  Data  Lc  main.o [1]
App_TaskStatHook         0x800'1bc3    0x2  Code  Gb  app_hooks.o [1]
App_TaskSwHook           0x800'1bc7    0x2  Code  Gb  app_hooks.o [1]
App_TimeTickHook         0x800'1bcb    0x2  Code  Gb  app_hooks.o [1]
BusFault_Handler         0x800'5777    0x2  Code  Gb  stm32f4xx_it.o [1]
CAN1_RX0_IRQHandler      0x800'5793    0xa  Code  Gb  stm32f4xx_it.o [1]
CMD_USART               0x2000'221c   0x40  Data  Gb  cmd.o [1]
CPU_CntLeadZeros         0x800'3a8f         Code  Gb  cpu_a.o [1]
CPU_CntTrailZeros        0x800'3a95         Code  Gb  cpu_a.o [1]
CPU_IntDis               0x800'3a71         Code  Gb  cpu_a.o [1]
CPU_IntEn                0x800'3a75         Code  Gb  cpu_a.o [1]
CPU_RevBits              0x800'3a9f         Code  Gb  cpu_a.o [1]
CPU_SR_Restore           0x800'3a81         Code  Gb  cpu_a.o [1]
CPU_SR_Save              0x800'3a79         Code  Gb  cpu_a.o [1]
CPU_WaitForExcept        0x800'3a8b         Code  Gb  cpu_a.o [1]
CPU_WaitForInt           0x800'3a87         Code  Gb  cpu_a.o [1]
CSTACK$$Base            0x2000'2520          --   Gb  - Linker created -
CSTACK$$Limit           0x2000'3720          --   Gb  - Linker created -
DMA1_Stream1_IRQHandler
                         0x800'577f    0xa  Code  Gb  stm32f4xx_it.o [1]
DMA1_Stream3_IRQHandler
                         0x800'5789    0xa  Code  Gb  stm32f4xx_it.o [1]
DMA2_Stream2_IRQHandler
                         0x800'57cd    0xa  Code  Gb  stm32f4xx_it.o [1]
DMA2_Stream3_IRQHandler
                         0x800'57d7    0xa  Code  Gb  stm32f4xx_it.o [1]
DMA2_Stream7_IRQHandler
                         0x800'57e1    0xa  Code  Gb  stm32f4xx_it.o [1]
DMAUSART_RX_BUF         0x2000'1ee0   0x64  Data  Gb  cmd.o [1]
DMA_CalcBaseAndBitshift
                         0x800'30a1   0x30  Code  Lc  stm32f4xx_hal_dma.o [1]
DMA_CalcBaseAndBitshift::flagBitshiftOffset
                         0x800'5b30    0x8  Data  Lc  stm32f4xx_hal_dma.o [1]
DMA_CheckFifoParam       0x800'30dd   0x9c  Code  Lc  stm32f4xx_hal_dma.o [1]
DMA_RxOK_Flag           0x2000'24bc    0x4  Data  Gb  cmd.o [1]
DMA_SetConfig            0x800'3073   0x2e  Code  Lc  stm32f4xx_hal_dma.o [1]
DMAaRxBuffer            0x2000'1e7c   0x64  Data  Gb  cmd.o [1]
DebugMon_Handler         0x800'577d    0x2  Code  Gb  stm32f4xx_it.o [1]
Error_Handler            0x800'3561    0x2  Code  Gb  main.o [1]
HAL_ADC_ConfigChannel    0x800'5327  0x17e  Code  Gb  stm32f4xx_hal_adc.o [1]
HAL_ADC_Init             0x800'52c1   0x66  Code  Gb  stm32f4xx_hal_adc.o [1]
HAL_ADC_MspInit          0x800'4673   0xc4  Code  Gb  adc.o [1]
HAL_CAN_GetRxMessage     0x800'4945  0x158  Code  Gb  stm32f4xx_hal_can.o [1]
HAL_CAN_IRQHandler       0x800'4a9d  0x224  Code  Gb  stm32f4xx_hal_can.o [1]
HAL_CAN_Init             0x800'47d9  0x16c  Code  Gb  stm32f4xx_hal_can.o [1]
HAL_CAN_MspInit          0x800'432f   0x70  Code  Gb  can.o [1]
HAL_CAN_RxFifo0FullCallback
                         0x800'564d    0x2  Code  Gb  can_utils.o [1]
HAL_CAN_RxFifo0MsgPendingCallback
                         0x800'5621   0x2c  Code  Gb  can_utils.o [1]
HAL_DMA_Abort            0x800'2da7   0x9c  Code  Gb  stm32f4xx_hal_dma.o [1]
HAL_DMA_Abort_IT         0x800'2e43   0x28  Code  Gb  stm32f4xx_hal_dma.o [1]
HAL_DMA_IRQHandler       0x800'2e6b  0x208  Code  Gb  stm32f4xx_hal_dma.o [1]
HAL_DMA_Init             0x800'2c2d   0xe2  Code  Gb  stm32f4xx_hal_dma.o [1]
HAL_DMA_Start_IT         0x800'2d0f   0x98  Code  Gb  stm32f4xx_hal_dma.o [1]
HAL_GPIO_Init            0x800'356d  0x220  Code  Gb  stm32f4xx_hal_gpio.o [1]
HAL_GPIO_TogglePin       0x800'37a7   0x22  Code  Gb  stm32f4xx_hal_gpio.o [1]
HAL_GPIO_WritePin        0x800'378d   0x1a  Code  Gb  stm32f4xx_hal_gpio.o [1]
HAL_GetTick              0x800'34ed    0x8  Code  Gb  main.o [1]
HAL_Init                 0x800'3a31   0x3a  Code  Gb  stm32f4xx_hal.o [1]
HAL_InitTick             0x800'34cb   0x22  Code  Gb  main.o [1]
HAL_MspInit              0x800'4791   0x48  Code  Gb  stm32f4xx_hal_msp.o [1]
HAL_NVIC_EnableIRQ       0x800'3f57    0xe  Code  Gb  stm32f4xx_hal_cortex.o [1]
HAL_NVIC_SetPriority     0x800'3f2d   0x2a  Code  Gb  stm32f4xx_hal_cortex.o [1]
HAL_NVIC_SetPriorityGrouping
                         0x800'3f21    0xc  Code  Gb  stm32f4xx_hal_cortex.o [1]
HAL_RCC_ClockConfig      0x800'3181  0x14a  Code  Gb  stm32f4xx_hal_rcc.o [1]
HAL_RCC_GetHCLKFreq      0x800'32cb    0x6  Code  Gb  stm32f4xx_hal_rcc.o [1]
HAL_RCC_GetPCLK1Freq     0x800'32d1   0x16  Code  Gb  stm32f4xx_hal_rcc.o [1]
HAL_RCC_GetPCLK2Freq     0x800'32e7   0x16  Code  Gb  stm32f4xx_hal_rcc.o [1]
HAL_RCC_OscConfig        0x800'3aa5  0x3c0  Code  Wk  stm32f4xx_hal_rcc.o [1]
HAL_TIMEx_ConfigBreakDeadTime
                         0x800'5263   0x5c  Code  Gb  stm32f4xx_hal_tim_ex.o [1]
HAL_TIMEx_MasterConfigSynchronization
                         0x800'5215   0x4e  Code  Gb  stm32f4xx_hal_tim_ex.o [1]
HAL_TIM_Base_Init        0x800'4cc1   0x38  Code  Gb  stm32f4xx_hal_tim.o [1]
HAL_TIM_Base_MspInit     0x800'4545   0x2a  Code  Gb  tim.o [1]
HAL_TIM_ConfigClockSource
                         0x800'4e31   0xec  Code  Gb  stm32f4xx_hal_tim.o [1]
HAL_TIM_MspPostInit      0x800'456f   0x54  Code  Gb  tim.o [1]
HAL_TIM_PWM_ConfigChannel
                         0x800'4d31  0x100  Code  Gb  stm32f4xx_hal_tim.o [1]
HAL_TIM_PWM_Init         0x800'4cf9   0x38  Code  Gb  stm32f4xx_hal_tim.o [1]
HAL_TIM_PWM_MspInit      0x800'451b   0x2a  Code  Gb  tim.o [1]
HAL_UART_DMAStop         0x800'1ee9   0x72  Code  Gb  stm32f4xx_hal_uart.o [1]
HAL_UART_ErrorCallback   0x800'2bd5   0x56  Code  Gb  usart.o [1]
HAL_UART_IDLECallback    0x800'5815   0x7a  Code  Gb  cmd.o [1]
HAL_UART_IRQHandler      0x800'1f5b  0x14a  Code  Gb  stm32f4xx_hal_uart.o [1]
HAL_UART_Init            0x800'1dbd   0x76  Code  Gb  stm32f4xx_hal_uart.o [1]
HAL_UART_MspInit         0x800'279d  0x3d4  Code  Gb  usart.o [1]
HAL_UART_Receive_DMA     0x800'1e33   0xb6  Code  Gb  stm32f4xx_hal_uart.o [1]
HardFault_Handler        0x800'5773    0x2  Code  Gb  stm32f4xx_it.o [1]
MX_ADC2_Init             0x800'45ed   0x86  Code  Gb  adc.o [1]
MX_CAN1_Init             0x800'42d1   0x5e  Code  Gb  can.o [1]
MX_DMA_Init              0x800'4241   0x90  Code  Gb  dma.o [1]
MX_GPIO_Init             0x800'3f79  0x2c8  Code  Gb  gpio.o [1]
MX_NVIC_Init             0x800'3487   0x44  Code  Lc  main.o [1]
MX_TIM1_Init             0x800'43b5   0xea  Code  Gb  tim.o [1]
MX_TIM3_Init             0x800'449f   0x7c  Code  Gb  tim.o [1]
MX_UART4_Init            0x800'25e5   0x58  Code  Gb  usart.o [1]
MX_UART5_Init            0x800'263d   0x58  Code  Gb  usart.o [1]
MX_USART1_UART_Init      0x800'2695   0x58  Code  Gb  usart.o [1]
MX_USART2_UART_Init      0x800'26ed   0x58  Code  Gb  usart.o [1]
MX_USART3_UART_Init      0x800'2745   0x58  Code  Gb  usart.o [1]
MemManage_Handler        0x800'5775    0x2  Code  Gb  stm32f4xx_it.o [1]
NMI_Handler              0x800'5771    0x2  Code  Gb  stm32f4xx_it.o [1]
NVIC_EncodePriority      0x800'3edf   0x42  Code  Lc  stm32f4xx_hal_cortex.o [1]
OSCPUUsage              0x2000'250e    0x1  Data  Gb  os_core.o [1]
OSCtxSw                  0x800'0c43         Code  Gb  os_cpu_a.o [1]
OSCtxSwCtr              0x2000'24c0    0x4  Data  Gb  os_core.o [1]
OSDataSize               0x800'5cca    0x2  Data  Gb  os_dbg.o [1]
OSDebugEn                0x800'2c2a    0x2  Data  Gb  os_dbg.o [1]
OSDebugInit              0x800'13c1  0x1c0  Code  Gb  os_dbg.o [1]
OSEndiannessTest         0x800'5b50    0x4  Data  Gb  os_dbg.o [1]
OSEventEn                0x800'317e    0x2  Data  Gb  os_dbg.o [1]
OSEventFreeList         0x2000'24c4    0x4  Data  Gb  os_core.o [1]
OSEventMax               0x800'3562    0x2  Data  Gb  os_dbg.o [1]
OSEventMultiEn           0x800'5212    0x2  Data  Gb  os_dbg.o [1]
OSEventNameEn            0x800'356a    0x2  Data  Gb  os_dbg.o [1]
OSEventNameSet           0x800'0189   0x54  Code  Gb  os_core.o [1]
OSEventSize              0x800'478a    0x2  Data  Gb  os_dbg.o [1]
OSEventTbl              0x2000'1d14   0xf0  Data  Gb  os_core.o [1]
OSEventTblSize           0x800'478e    0x2  Data  Gb  os_dbg.o [1]
OSFlagEn                 0x800'52be    0x2  Data  Gb  os_dbg.o [1]
OSFlagFreeList          0x2000'24c8    0x4  Data  Gb  os_core.o [1]
OSFlagGrpSize            0x800'566e    0x2  Data  Gb  os_dbg.o [1]
OSFlagMax                0x800'5a8a    0x2  Data  Gb  os_dbg.o [1]
OSFlagNameEn             0x800'5a96    0x2  Data  Gb  os_dbg.o [1]
OSFlagNodeSize           0x800'5956    0x2  Data  Gb  os_dbg.o [1]
OSFlagTbl               0x2000'2184   0x50  Data  Gb  os_core.o [1]
OSFlagWidth              0x800'5a60    0x2  Data  Gb  os_dbg.o [1]
OSIdleCtr               0x2000'24d4    0x4  Data  Gb  os_core.o [1]
OSIdleCtrMax            0x2000'24cc    0x4  Data  Gb  os_core.o [1]
OSIdleCtrRun            0x2000'24d0    0x4  Data  Gb  os_core.o [1]
OSInit                   0x800'01dd   0x38  Code  Gb  os_core.o [1]
OSInitHookBegin          0x800'0cbd   0x2e  Code  Gb  os_cpu_c.o [1]
OSInitHookEnd            0x800'0ceb    0x2  Code  Gb  os_cpu_c.o [1]
OSIntCtxSw               0x800'0c4b         Code  Gb  os_cpu_a.o [1]
OSIntExit                0x800'0215   0x94  Code  Gb  os_core.o [1]
OSIntNesting            0x2000'2510    0x1  Data  Gb  os_core.o [1]
OSLockNesting           0x2000'2511    0x1  Data  Gb  os_core.o [1]
OSLowestPrio             0x800'5c78    0x2  Data  Gb  os_dbg.o [1]
OSMboxEn                 0x800'5c7a    0x2  Data  Gb  os_dbg.o [1]
OSMemEn                  0x800'5c7c    0x2  Data  Gb  os_dbg.o [1]
OSMemFreeList           0x2000'24e8    0x4  Data  Gb  os_core.o [1]
OSMemMax                 0x800'5c7e    0x2  Data  Gb  os_dbg.o [1]
OSMemNameEn              0x800'5c80    0x2  Data  Gb  os_dbg.o [1]
OSMemSize                0x800'5c82    0x2  Data  Gb  os_dbg.o [1]
OSMemTbl                0x2000'1e04   0x78  Data  Gb  os_core.o [1]
OSMemTblSize             0x800'5c84    0x2  Data  Gb  os_dbg.o [1]
OSMutexEn                0x800'5c86    0x2  Data  Gb  os_dbg.o [1]
OSPrioCur               0x2000'2512    0x1  Data  Gb  os_core.o [1]
OSPrioHighRdy           0x2000'2513    0x1  Data  Gb  os_core.o [1]
OSPtrSize                0x800'5c88    0x2  Data  Gb  os_dbg.o [1]
OSQEn                    0x800'5c8a    0x2  Data  Gb  os_dbg.o [1]
OSQFreeList             0x2000'24ec    0x4  Data  Gb  os_core.o [1]
OSQMax                   0x800'5c8c    0x2  Data  Gb  os_dbg.o [1]
OSQSize                  0x800'5c8e    0x2  Data  Gb  os_dbg.o [1]
OSQTbl                  0x2000'1fa4   0x60  Data  Gb  os_core.o [1]
OSRdyGrp                0x2000'2514    0x1  Data  Gb  os_core.o [1]
OSRdyTbl                0x2000'24b0    0x8  Data  Gb  os_core.o [1]
OSRdyTblSize             0x800'5c90    0x2  Data  Gb  os_dbg.o [1]
OSRunning               0x2000'2515    0x1  Data  Gb  os_core.o [1]
OSSchedLock              0x800'02a9   0x3e  Code  Gb  os_core.o [1]
OSSchedUnlock            0x800'02e7   0x64  Code  Gb  os_core.o [1]
OSSemCreate              0x800'1bcd   0x50  Code  Gb  os_sem.o [1]
OSSemEn                  0x800'5c92    0x2  Data  Gb  os_dbg.o [1]
OSSemPend                0x800'1c1d   0xf0  Code  Gb  os_sem.o [1]
OSSemPost                0x800'1d21   0x62  Code  Gb  os_sem.o [1]
OSStart                  0x800'034b   0x42  Code  Gb  os_core.o [1]
OSStartHighRdy           0x800'0c1f         Code  Gb  os_cpu_a.o [1]
OSStatRdy               0x2000'250f    0x1  Data  Gb  os_core.o [1]
OSStkWidth               0x800'5c94    0x2  Data  Gb  os_dbg.o [1]
OSTCBCur                0x2000'24d8    0x4  Data  Gb  os_core.o [1]
OSTCBFreeList           0x2000'24dc    0x4  Data  Gb  os_core.o [1]
OSTCBHighRdy            0x2000'24e0    0x4  Data  Gb  os_core.o [1]
OSTCBInitHook            0x800'0eab    0xc  Code  Gb  os_cpu_c.o [1]
OSTCBList               0x2000'24e4    0x4  Data  Gb  os_core.o [1]
OSTCBPrioTbl            0x2000'1c14  0x100  Data  Gb  os_core.o [1]
OSTCBPrioTblMax          0x800'5cae    0x2  Data  Gb  os_dbg.o [1]
OSTCBSize                0x800'5cb0    0x2  Data  Gb  os_dbg.o [1]
OSTCBTbl                0x2000'0804  0x790  Data  Gb  os_core.o [1]
OSTaskCreateEn           0x800'5c96    0x2  Data  Gb  os_dbg.o [1]
OSTaskCreateExt          0x800'1581   0xe0  Code  Gb  os_task.o [1]
OSTaskCreateExtEn        0x800'5c98    0x2  Data  Gb  os_dbg.o [1]
OSTaskCreateHook         0x800'0ced    0xc  Code  Gb  os_cpu_c.o [1]
OSTaskCtr               0x2000'2516    0x1  Data  Gb  os_core.o [1]
OSTaskDel                0x800'1661  0x19a  Code  Gb  os_task.o [1]
OSTaskDelEn              0x800'5c9a    0x2  Data  Gb  os_dbg.o [1]
OSTaskDelHook            0x800'0cf9    0xc  Code  Gb  os_cpu_c.o [1]
OSTaskIdleHook           0x800'0d05    0x8  Code  Gb  os_cpu_c.o [1]
OSTaskIdleStk           0x2000'1814  0x200  Data  Gb  os_core.o [1]
OSTaskIdleStkSize        0x800'5c9c    0x2  Data  Gb  os_dbg.o [1]
OSTaskMax                0x800'5ca0    0x2  Data  Gb  os_dbg.o [1]
OSTaskNameEn             0x800'5ca2    0x2  Data  Gb  os_dbg.o [1]
OSTaskNameSet            0x800'17fb   0x92  Code  Gb  os_task.o [1]
OSTaskProfileEn          0x800'5c9e    0x2  Data  Gb  os_dbg.o [1]
OSTaskRegNextAvailID    0x2000'2518    0x1  Data  Gb  os_core.o [1]
OSTaskRegTblSize         0x800'5cac    0x2  Data  Gb  os_dbg.o [1]
OSTaskReturnHook         0x800'0d0d    0xc  Code  Gb  os_cpu_c.o [1]
OSTaskStatEn             0x800'5ca4    0x2  Data  Gb  os_dbg.o [1]
OSTaskStatHook           0x800'0d19    0x8  Code  Gb  os_cpu_c.o [1]
OSTaskStatStk           0x2000'1614  0x200  Data  Gb  os_core.o [1]
OSTaskStatStkChkEn       0x800'5ca8    0x2  Data  Gb  os_dbg.o [1]
OSTaskStatStkSize        0x800'5ca6    0x2  Data  Gb  os_dbg.o [1]
OSTaskStkChk             0x800'1891   0xb0  Code  Gb  os_task.o [1]
OSTaskStkInit            0x800'0d21  0x15a  Code  Gb  os_cpu_c.o [1]
OSTaskSuspend            0x800'1941   0xd8  Code  Gb  os_task.o [1]
OSTaskSwHook             0x800'0e7b   0x30  Code  Gb  os_cpu_c.o [1]
OSTaskSwHookEn           0x800'5caa    0x2  Data  Gb  os_dbg.o [1]
OSTickStepState         0x2000'2517    0x1  Data  Gb  os_core.o [1]
OSTicksPerSec            0x800'5cb2    0x2  Data  Gb  os_dbg.o [1]
OSTime                  0x2000'24f0    0x4  Data  Gb  os_core.o [1]
OSTimeDly                0x800'1a6d   0x74  Code  Gb  os_time.o [1]
OSTimeDlyHMSM            0x800'1ae1   0xac  Code  Gb  os_time.o [1]
OSTimeGet                0x800'1b8d   0x18  Code  Gb  os_time.o [1]
OSTimeTick               0x800'038d   0xf8  Code  Gb  os_core.o [1]
OSTimeTickHook           0x800'0eb7   0x24  Code  Gb  os_cpu_c.o [1]
OSTimeTickHookEn         0x800'5cb4    0x2  Data  Gb  os_dbg.o [1]
OSTmrCfgMax              0x800'5cba    0x2  Data  Gb  os_dbg.o [1]
OSTmrCfgNameEn           0x800'5cbc    0x2  Data  Gb  os_dbg.o [1]
OSTmrCfgTicksPerSec      0x800'5cc0    0x2  Data  Gb  os_dbg.o [1]
OSTmrCfgWheelSize        0x800'5cbe    0x2  Data  Gb  os_dbg.o [1]
OSTmrCtr                0x2000'250c    0x2  Data  Lc  os_cpu_c.o [1]
OSTmrEn                  0x800'5cb8    0x2  Data  Gb  os_dbg.o [1]
OSTmrFree               0x2000'2508    0x2  Data  Gb  os_core.o [1]
OSTmrFreeList           0x2000'2500    0x4  Data  Gb  os_core.o [1]
OSTmrSem                0x2000'24f8    0x4  Data  Gb  os_core.o [1]
OSTmrSemSignal          0x2000'24fc    0x4  Data  Gb  os_core.o [1]
OSTmrSignal              0x800'111d    0xe  Code  Gb  os_tmr.o [1]
OSTmrSize                0x800'5cc2    0x2  Data  Gb  os_dbg.o [1]
OSTmrTaskStk            0x2000'1a14  0x200  Data  Gb  os_core.o [1]
OSTmrTbl                0x2000'1394  0x280  Data  Gb  os_core.o [1]
OSTmrTblSize             0x800'5cc4    0x2  Data  Gb  os_dbg.o [1]
OSTmrTime               0x2000'24f4    0x4  Data  Gb  os_core.o [1]
OSTmrUsed               0x2000'250a    0x2  Data  Gb  os_core.o [1]
OSTmrWheelSize           0x800'5cc6    0x2  Data  Gb  os_dbg.o [1]
OSTmrWheelTbl           0x2000'241c   0x38  Data  Gb  os_core.o [1]
OSTmrWheelTblSize        0x800'5cc8    0x2  Data  Gb  os_dbg.o [1]
OSTmr_Init               0x800'112b   0xca  Code  Gb  os_tmr.o [1]
OSTmr_InitTask           0x800'11f5   0x36  Code  Lc  os_tmr.o [1]
OSTmr_Link               0x800'122b   0x78  Code  Lc  os_tmr.o [1]
OSTmr_Task               0x800'12fd   0x8e  Code  Lc  os_tmr.o [1]
OSTmr_Unlink             0x800'12a3   0x52  Code  Lc  os_tmr.o [1]
OSUnMapTbl               0x800'5670  0x100  Data  Gb  os_core.o [1]
OSVersionNbr             0x800'5cb6    0x2  Data  Gb  os_dbg.o [1]
OS_CPU_ExceptStk        0x2000'0004  0x800  Data  Gb  os_cpu_c.o [1]
OS_CPU_ExceptStkBase    0x2000'2504    0x4  Data  Gb  os_cpu_c.o [1]
OS_CPU_FP_Reg_Pop        0x800'0bff         Code  Gb  os_cpu_a.o [1]
OS_CPU_FP_Reg_Push       0x800'0be5         Code  Gb  os_cpu_a.o [1]
OS_CPU_PendSVHandler     0x800'0c53         Code  Gb  os_cpu_a.o [1]
OS_CPU_SR_Restore        0x800'0c19         Code  Gb  os_cpu_a.o [1]
OS_CPU_SR_Save           0x800'0c11         Code  Gb  os_cpu_a.o [1]
OS_CPU_SysTickHandler    0x800'0edb   0x22  Code  Gb  os_cpu_c.o [1]
OS_CPU_SysTickInit       0x800'0efd   0x2c  Code  Gb  os_cpu_c.o [1]
OS_Dummy                 0x800'0485    0x2  Code  Gb  os_core.o [1]
OS_EventTaskRdy          0x800'0487   0xae  Code  Gb  os_core.o [1]
OS_EventTaskRemove       0x800'05cb   0x3a  Code  Gb  os_core.o [1]
OS_EventTaskRemoveMulti
                         0x800'0605   0x4e  Code  Gb  os_core.o [1]
OS_EventTaskWait         0x800'0535   0x96  Code  Gb  os_core.o [1]
OS_EventWaitListInit     0x800'0653   0x1e  Code  Gb  os_core.o [1]
OS_FlagInit              0x800'0fbd   0x5c  Code  Gb  os_flag.o [1]
OS_FlagUnlink            0x800'1025   0x2c  Code  Gb  os_flag.o [1]
OS_InitEventList         0x800'0671   0x74  Code  Lc  os_core.o [1]
OS_InitMisc              0x800'06e5   0x56  Code  Lc  os_core.o [1]
OS_InitRdyList           0x800'073b   0x44  Code  Lc  os_core.o [1]
OS_InitTCBList           0x800'07f7   0x82  Code  Lc  os_core.o [1]
OS_InitTaskIdle          0x800'077f   0x3c  Code  Lc  os_core.o [1]
OS_InitTaskStat          0x800'07bb   0x3c  Code  Lc  os_core.o [1]
OS_MemClr                0x800'0879   0x14  Code  Gb  os_core.o [1]
OS_MemInit               0x800'1051   0x5c  Code  Gb  os_mem.o [1]
OS_QInit                 0x800'10bd   0x58  Code  Gb  os_q.o [1]
OS_Sched                 0x800'088d   0x5c  Code  Gb  os_core.o [1]
OS_SchedNew              0x800'08e9   0x26  Code  Lc  os_core.o [1]
OS_TCBInit               0x800'0a17  0x152  Code  Gb  os_core.o [1]
OS_TaskIdle              0x800'0911   0x22  Code  Gb  os_core.o [1]
OS_TaskReturn            0x800'1a19   0x12  Code  Gb  os_task.o [1]
OS_TaskStat              0x800'0941   0x8e  Code  Gb  os_core.o [1]
OS_TaskStatStkChk        0x800'09cf   0x48  Code  Gb  os_core.o [1]
OS_TaskStkClr            0x800'1a55   0x18  Code  Gb  os_task.o [1]
Region$$Table$$Base      0x800'5a3c          --   Gb  - Linker created -
Region$$Table$$Limit     0x800'5a60          --   Gb  - Linker created -
RxHeader                0x2000'247c   0x1c  Data  Gb  can_utils.o [1]
SVC_Handler              0x800'577b    0x2  Code  Gb  stm32f4xx_it.o [1]
SystemClock_Config       0x800'33e5   0xa2  Code  Gb  main.o [1]
SystemCoreClock         0x2000'0000    0x4  Data  Gb  system_stm32f4xx.o [1]
SystemInit               0x800'5959   0x4c  Code  Gb  system_stm32f4xx.o [1]
TIM_Base_SetConfig       0x800'4f1d   0xc6  Code  Gb  stm32f4xx_hal_tim.o [1]
TIM_ETR_SetConfig        0x800'51fb   0x18  Code  Gb  stm32f4xx_hal_tim.o [1]
TIM_ITRx_SetConfig       0x800'51eb   0x10  Code  Lc  stm32f4xx_hal_tim.o [1]
TIM_OC1_SetConfig        0x800'4fe3   0x66  Code  Lc  stm32f4xx_hal_tim.o [1]
TIM_OC2_SetConfig        0x800'5049   0x70  Code  Gb  stm32f4xx_hal_tim.o [1]
TIM_OC3_SetConfig        0x800'50b9   0x6e  Code  Lc  stm32f4xx_hal_tim.o [1]
TIM_OC4_SetConfig        0x800'5127   0x4c  Code  Lc  stm32f4xx_hal_tim.o [1]
TIM_TI1_ConfigInputStage
                         0x800'51a1   0x24  Code  Lc  stm32f4xx_hal_tim.o [1]
TIM_TI2_ConfigInputStage
                         0x800'51c5   0x26  Code  Lc  stm32f4xx_hal_tim.o [1]
UART_DMAAbortOnError     0x800'2189   0x16  Code  Lc  stm32f4xx_hal_uart.o [1]
UART_DMAError            0x800'20f9   0x58  Code  Lc  stm32f4xx_hal_uart.o [1]
UART_DMAReceiveCplt      0x800'20a5   0x44  Code  Lc  stm32f4xx_hal_uart.o [1]
UART_DMARxHalfCplt       0x800'20e9    0xe  Code  Lc  stm32f4xx_hal_uart.o [1]
UART_EndRxTransfer       0x800'2165   0x20  Code  Lc  stm32f4xx_hal_uart.o [1]
UART_EndTransmit_IT      0x800'220f   0x20  Code  Lc  stm32f4xx_hal_uart.o [1]
UART_EndTxTransfer       0x800'2151   0x14  Code  Lc  stm32f4xx_hal_uart.o [1]
UART_Receive_IT          0x800'222f   0xae  Code  Lc  stm32f4xx_hal_uart.o [1]
UART_SetConfig           0x800'22dd  0x2fa  Code  Lc  stm32f4xx_hal_uart.o [1]
UART_Transmit_IT         0x800'21a1   0x6e  Code  Lc  stm32f4xx_hal_uart.o [1]
USART1_IRQHandler        0x800'579d    0xa  Code  Gb  stm32f4xx_it.o [1]
USART2_IRQHandler        0x800'57a7    0xa  Code  Gb  stm32f4xx_it.o [1]
USART3_IRQHandler        0x800'57b1   0x1c  Code  Gb  stm32f4xx_it.o [1]
UsageFault_Handler       0x800'5779    0x2  Code  Gb  stm32f4xx_it.o [1]
__NVIC_EnableIRQ         0x800'3e93   0x20  Code  Lc  stm32f4xx_hal_cortex.o [1]
__NVIC_GetPriorityGrouping
                         0x800'3e87    0xc  Code  Lc  stm32f4xx_hal_cortex.o [1]
__NVIC_SetPriority       0x800'3eb3   0x2c  Code  Lc  stm32f4xx_hal_cortex.o [1]
__NVIC_SetPriorityGrouping
                         0x800'3e65   0x22  Code  Lc  stm32f4xx_hal_cortex.o [1]
__aeabi_ldiv0            0x800'478d         Code  Gb  I64DivZer.o [4]
__aeabi_memclr4          0x800'3565         Code  Gb  ABImemclr4.o [4]
__aeabi_memset           0x800'58f1         Code  Gb  ABImemset.o [4]
__aeabi_uldivmod         0x800'3801         Code  Gb  I64DivMod.o [4]
__cmain                  0x800'5a65         Code  Gb  cmain.o [4]
__exit                   0x800'5a99   0x14  Code  Gb  exit.o [5]
__iar_Memset             0x800'58f1         Code  Gb  ABImemset.o [4]
__iar_Memset4_word       0x800'4759         Code  Gb  ABImemset48.o [4]
__iar_Memset8_word       0x800'4759         Code  Gb  ABImemset48.o [4]
__iar_Memset_word        0x800'58f9         Code  Gb  ABImemset.o [4]
__iar_copy_init3         0x800'59c5   0x2c  Code  Gb  copy_init3.o [4]
__iar_data_init3         0x800'59f1   0x28  Code  Gb  data_init.o [4]
__iar_init_vfp           0x800'5a19         Code  Gb  fpinit_M.o [3]
__iar_program_start      0x800'5b25         Code  Gb  cstartup_M.o [4]
__iar_zero_init3         0x800'1d83   0x3a  Code  Gb  zero_init3.o [4]
__low_level_init         0x800'5a83    0x4  Code  Gb  low_level_init.o [2]
__vector_table           0x800'0000         Data  Gb  startup_stm32f407xx.o [1]
_call_main               0x800'5a71         Code  Gb  cmain.o [4]
_exit                    0x800'5a8d         Code  Gb  cexit.o [4]
_main                    0x800'5a7f         Code  Gb  cmain.o [4]
can_exc_callback_flag   0x2000'2498    0x4  Data  Gb  can_utils.o [1]
can_rx_data             0x2000'24a0    0x8  Data  Gb  can_utils.o [1]
exit                     0x800'5a87    0x4  Code  Gb  exit.o [2]
hadc2                   0x2000'21d4   0x48  Data  Gb  adc.o [1]
hcan1                   0x2000'2454   0x28  Data  Gb  can.o [1]
hdma_adc2               0x2000'1f44   0x60  Data  Gb  adc.o [1]
hdma_usart1_rx          0x2000'2064   0x60  Data  Gb  usart.o [1]
hdma_usart1_tx          0x2000'2004   0x60  Data  Gb  usart.o [1]
hdma_usart3_rx          0x2000'20c4   0x60  Data  Gb  usart.o [1]
hdma_usart3_tx          0x2000'2124   0x60  Data  Gb  usart.o [1]
htim1                   0x2000'225c   0x40  Data  Gb  tim.o [1]
htim3                   0x2000'229c   0x40  Data  Gb  tim.o [1]
huart1                  0x2000'235c   0x40  Data  Gb  usart.o [1]
huart2                  0x2000'239c   0x40  Data  Gb  usart.o [1]
huart3                  0x2000'23dc   0x40  Data  Gb  usart.o [1]
huart4                  0x2000'22dc   0x40  Data  Gb  usart.o [1]
huart5                  0x2000'231c   0x40  Data  Gb  usart.o [1]
main                     0x800'33a9   0x3c  Code  Gb  main.o [1]
rx_buffer               0x2000'24a8    0x8  Data  Lc  can_utils.o [1]
rx_id                   0x2000'24b8    0x4  Data  Lc  can_utils.o [1]
strcpy                   0x800'58a5         Code  Gb  strcpy.o [4]


[1] = E:\Robocon_Value\implementV2\EWARM\SICK DT35\Obj
[2] = dl7M_tlf.a
[3] = m7M_tls.a
[4] = rt7M_tl.a
[5] = shb_l.a

  23 208 bytes of readonly  code memory
     548 bytes of readonly  data memory
  14 105 bytes of readwrite data memory

Errors: none
Warnings: none
