###############################################################################
#
# IAR ELF Linker V8.22.1.15669/W32 for ARM                23/Oct/2019  19:14:02
# Copyright 2007-2018 IAR Systems AB.
#
#    Output file  =  
#        D:\RoboconCode\Sick sensor\SICK DT35\EWARM\19_frame\Exe\19_frame.out
#    Map file     =  
#        D:\RoboconCode\Sick sensor\SICK DT35\EWARM\19_frame\List\19_frame.map
#    Command line =  
#        -f C:\Users\12552\AppData\Local\Temp\EW34E1.tmp ("D:\RoboconCode\Sick
#        sensor\SICK DT35\EWARM\19_frame\Obj\can.o" "D:\RoboconCode\Sick
#        sensor\SICK DT35\EWARM\19_frame\Obj\can_func.o" "D:\RoboconCode\Sick
#        sensor\SICK DT35\EWARM\19_frame\Obj\can_utils.o" "D:\RoboconCode\Sick
#        sensor\SICK DT35\EWARM\19_frame\Obj\cmd.o" "D:\RoboconCode\Sick
#        sensor\SICK DT35\EWARM\19_frame\Obj\cmd_func.o" "D:\RoboconCode\Sick
#        sensor\SICK DT35\EWARM\19_frame\Obj\configure.o" "D:\RoboconCode\Sick
#        sensor\SICK DT35\EWARM\19_frame\Obj\dma.o" "D:\RoboconCode\Sick
#        sensor\SICK DT35\EWARM\19_frame\Obj\flash.o" "D:\RoboconCode\Sick
#        sensor\SICK DT35\EWARM\19_frame\Obj\gpio.o" "D:\RoboconCode\Sick
#        sensor\SICK DT35\EWARM\19_frame\Obj\hash.o" "D:\RoboconCode\Sick
#        sensor\SICK DT35\EWARM\19_frame\Obj\main.o" "D:\RoboconCode\Sick
#        sensor\SICK DT35\EWARM\19_frame\Obj\simplelib.o" "D:\RoboconCode\Sick
#        sensor\SICK DT35\EWARM\19_frame\Obj\startup_stm32f407xx.o"
#        "D:\RoboconCode\Sick sensor\SICK
#        DT35\EWARM\19_frame\Obj\stm32f4xx_hal.o" "D:\RoboconCode\Sick
#        sensor\SICK DT35\EWARM\19_frame\Obj\stm32f4xx_hal_can.o"
#        "D:\RoboconCode\Sick sensor\SICK
#        DT35\EWARM\19_frame\Obj\stm32f4xx_hal_cortex.o" "D:\RoboconCode\Sick
#        sensor\SICK DT35\EWARM\19_frame\Obj\stm32f4xx_hal_dma.o"
#        "D:\RoboconCode\Sick sensor\SICK
#        DT35\EWARM\19_frame\Obj\stm32f4xx_hal_dma_ex.o" "D:\RoboconCode\Sick
#        sensor\SICK DT35\EWARM\19_frame\Obj\stm32f4xx_hal_exti.o"
#        "D:\RoboconCode\Sick sensor\SICK
#        DT35\EWARM\19_frame\Obj\stm32f4xx_hal_flash.o" "D:\RoboconCode\Sick
#        sensor\SICK DT35\EWARM\19_frame\Obj\stm32f4xx_hal_flash_ex.o"
#        "D:\RoboconCode\Sick sensor\SICK
#        DT35\EWARM\19_frame\Obj\stm32f4xx_hal_flash_ramfunc.o"
#        "D:\RoboconCode\Sick sensor\SICK
#        DT35\EWARM\19_frame\Obj\stm32f4xx_hal_gpio.o" "D:\RoboconCode\Sick
#        sensor\SICK DT35\EWARM\19_frame\Obj\stm32f4xx_hal_msp.o"
#        "D:\RoboconCode\Sick sensor\SICK
#        DT35\EWARM\19_frame\Obj\stm32f4xx_hal_pwr.o" "D:\RoboconCode\Sick
#        sensor\SICK DT35\EWARM\19_frame\Obj\stm32f4xx_hal_pwr_ex.o"
#        "D:\RoboconCode\Sick sensor\SICK
#        DT35\EWARM\19_frame\Obj\stm32f4xx_hal_rcc.o" "D:\RoboconCode\Sick
#        sensor\SICK DT35\EWARM\19_frame\Obj\stm32f4xx_hal_rcc_ex.o"
#        "D:\RoboconCode\Sick sensor\SICK
#        DT35\EWARM\19_frame\Obj\stm32f4xx_hal_tim.o" "D:\RoboconCode\Sick
#        sensor\SICK DT35\EWARM\19_frame\Obj\stm32f4xx_hal_tim_ex.o"
#        "D:\RoboconCode\Sick sensor\SICK
#        DT35\EWARM\19_frame\Obj\stm32f4xx_hal_uart.o" "D:\RoboconCode\Sick
#        sensor\SICK DT35\EWARM\19_frame\Obj\stm32f4xx_it.o"
#        "D:\RoboconCode\Sick sensor\SICK DT35\EWARM\19_frame\Obj\stmflash.o"
#        "D:\RoboconCode\Sick sensor\SICK
#        DT35\EWARM\19_frame\Obj\system_stm32f4xx.o" "D:\RoboconCode\Sick
#        sensor\SICK DT35\EWARM\19_frame\Obj\tim.o" "D:\RoboconCode\Sick
#        sensor\SICK DT35\EWARM\19_frame\Obj\usart.o" "D:\RoboconCode\Sick
#        sensor\SICK DT35\EWARM\19_frame\Obj\utils.o" -o "D:\RoboconCode\Sick
#        sensor\SICK DT35\EWARM\19_frame\Exe\19_frame.out" --map
#        "D:\RoboconCode\Sick sensor\SICK
#        DT35\EWARM\19_frame\List\19_frame.map" --config "D:\Èí¼þ\IAR For
#        RAM\arm\config\linker\ST\stm32f407xG.icf" --semihosting --entry
#        __iar_program_start --vfe --text_out locale)
#
###############################################################################

*******************************************************************************
*** RUNTIME MODEL ATTRIBUTES
***

CppFlavor       = *
__Heap_Handler  = DLMalloc
__SystemLibrary = DLib
__dlib_version  = 6


*******************************************************************************
*** HEAP SELECTION
***

The advanced heap was selected because the application calls memory
allocation functions outside of system library functions, and there
are calls to deallocation functions in the application.


*******************************************************************************
*** PLACEMENT SUMMARY
***

"A0":  place at 0x08000000 { ro section .intvec };
"P1":  place in [from 0x08000000 to 0x080fffff] { ro };
define block CSTACK with size = 8K, alignment = 8 { };
"P3":  place in [from 0x10000000 to 0x1000ffff] {
          block CSTACK, section .ccram };
define block HEAP with size = 8K, alignment = 8 { };
"P4":  place in [from 0x20000000 to 0x2001bfff] |
                [from 0x2001c000 to 0x2001ffff] { rw, block HEAP };
initialize by copy { rw };

No sections matched the following patterns:

  ro section application_specific_ro  in "P2"
  section .backup_sram                in "P5"
  section .ccram                      in "P3"


  Section            Kind        Address    Size  Object
  -------            ----        -------    ----  ------
"A0":                                      0x188
  .intvec            ro code  0x08000000   0x188  startup_stm32f407xx.o [1]
                            - 0x08000188   0x188

"P1":                                     0x5d68
  .text              ro code  0x08000188   0xf78  dlmalloc.o [3]
  .text              ro code  0x08001100     0x6  abort.o [3]
  .text              ro code  0x08001106    0x1a  xsnprout.o [3]
  .text              ro code  0x08001120    0x2c  xgetmemchunk.o [3]
  .text              ro code  0x0800114c    0x14  exit.o [6]
  .text              ro code  0x08001160   0xe22  xprintffull_nomb.o [3]
  .text              ro code  0x08001f84    0x16  strchr.o [5]
  .text              ro code  0x08001f9c    0x40  xfail_s.o [3]
  .text              ro code  0x08001fdc    0x36  strlen.o [5]
  .text              ro code  0x08002014    0x58  memchr.o [5]
  .text              ro code  0x0800206c   0x22e  I64DivMod.o [5]
  .text              ro code  0x0800229c   0x1a2  DblMul.o [4]
  .text              ro code  0x08002440    0xa6  ABImemcpy.o [5]
  .text              ro code  0x080024e8    0x70  frexp.o [4]
  .text              ro code  0x08002558    0x2e  DblCmpLe.o [4]
  .text              ro code  0x08002588    0x2e  DblCmpGe.o [4]
  .text              ro code  0x080025b8   0x13a  ldexp.o [4]
  .text              ro code  0x080026f4    0x3a  DblToS32.o [4]
  .text              ro code  0x08002730    0x22  S32ToDbl.o [4]
  .text              ro code  0x08002754    0xe2  DblSub.o [4]
  .text              ro code  0x08002838   0x246  DblDiv.o [4]
  .text              ro code  0x08002a80    0x28  DblToU32.o [4]
  .text              ro code  0x08002aa8    0x1a  U32ToDbl.o [4]
  .text              ro code  0x08002ac4     0x2  I64DivZer.o [5]
  .text              ro code  0x08002ac8   0x168  DblAdd.o [4]
  .text              ro code  0x08002c30   0x646  stm32f4xx_hal_uart.o [1]
  .text              ro code  0x08003278   0x3b2  usart.o [1]
  .text              ro code  0x0800362c   0x400  stm32f4xx_hal_dma.o [1]
  .text              ro code  0x08003a2c     0x2  stm32f4xx_hal_uart.o [1]
  .text              ro code  0x08003a2e     0x2  stm32f4xx_hal_uart.o [1]
  .text              ro code  0x08003a30     0x2  stm32f4xx_hal_uart.o [1]
  .text              ro code  0x08003a32     0x2  stm32f4xx_hal_uart.o [1]
  .text              ro code  0x08003a34   0x1a4  stm32f4xx_hal_rcc.o [1]
  .text              ro code  0x08003bd8   0x13a  main.o [1]
  .text              ro code  0x08003d14     0x6  ABImemclr4.o [5]
  .text              ro code  0x08003d1c   0x1f8  stm32f4xx_hal_gpio.o [1]
  .text              ro code  0x08003f14     0xc  stm32f4xx_hal.o [1]
  .text              ro code  0x08003f20    0x40  stm32f4xx_hal.o [1]
  .text              ro code  0x08003f60    0x34  stm32f4xx_hal.o [1]
  .text              ro code  0x08003f94   0x23c  gpio.o [1]
  .text              ro code  0x080041d0    0x78  dma.o [1]
  .text              ro code  0x08004248    0xb8  can.o [1]
  .text              ro code  0x08004300   0x1ec  tim.o [1]
  .text              ro code  0x080044ec   0x248  cmd.o [1]
  .text              ro code  0x08004734    0xe4  stm32f4xx_hal_cortex.o [1]
  .text              ro code  0x08004818    0x64  simplelib.o [1]
  .text              ro code  0x0800487c   0x2f0  stm32f4xx_hal_rcc.o [1]
  .text              ro code  0x08004b6c    0x32  ABImemset48.o [5]
  .text              ro code  0x08004ba0    0x38  stm32f4xx_hal_msp.o [1]
  .text              ro code  0x08004bd8   0x590  stm32f4xx_hal_can.o [1]
  .text              ro code  0x08005168   0x488  stm32f4xx_hal_tim.o [1]
  .text              ro code  0x080055f0    0x92  stm32f4xx_hal_tim_ex.o [1]
  .text              ro code  0x08005684   0x208  hash.o [1]
  .text              ro code  0x0800588c    0x4c  strcpy.o [5]
  .text              ro code  0x080058d8    0x48  strtok.o [3]
  .text              ro code  0x08005920    0x3c  vsnprint.o [3]
  .text              ro code  0x0800595c    0x4a  strcmp.o [5]
  .text              ro code  0x080059a8    0xf4  can_utils.o [1]
  .text              ro code  0x08005a9c    0x38  cmd_func.o [1]
  .text              ro code  0x08005ad4     0x4  can_func.o [1]
  .text              ro code  0x08005ad8     0x2  stm32f4xx_hal_can.o [1]
  .text              ro code  0x08005ada     0x2  stm32f4xx_hal_can.o [1]
  .text              ro code  0x08005adc     0x2  stm32f4xx_hal_can.o [1]
  .text              ro code  0x08005ade     0x2  stm32f4xx_hal_can.o [1]
  .text              ro code  0x08005ae0     0x2  stm32f4xx_hal_can.o [1]
  .text              ro code  0x08005ae2     0x2  stm32f4xx_hal_can.o [1]
  .text              ro code  0x08005ae4     0x2  stm32f4xx_hal_can.o [1]
  .text              ro code  0x08005ae6     0x2  stm32f4xx_hal_can.o [1]
  .text              ro code  0x08005ae8     0x2  stm32f4xx_hal_can.o [1]
  .text              ro code  0x08005aea     0x2  stm32f4xx_hal_can.o [1]
  .text              ro code  0x08005aec     0x2  stm32f4xx_hal_can.o [1]
  .text              ro code  0x08005af0    0x24  ABIassert.o [6]
  .text              ro code  0x08005b14    0x22  strspn.o [3]
  .text              ro code  0x08005b36    0x22  strcspn.o [3]
  .text              ro code  0x08005b58    0xc0  stm32f4xx_it.o [1]
  .text              ro code  0x08005c18    0x10  stm32f4xx_hal.o [1]
  .text              ro code  0x08005c28    0x60  system_stm32f4xx.o [1]
  .text              ro code  0x08005c88    0x40  zero_init3.o [5]
  .text              ro code  0x08005cc8    0x2c  copy_init3.o [5]
  .text              ro code  0x08005cf4    0x28  data_init.o [5]
  .text              ro code  0x08005d1c    0x22  fpinit_M.o [4]
  .iar.init_table    const    0x08005d40    0x24  - Linker created -
  .text              ro code  0x08005d64    0x1e  cmain.o [5]
  .text              ro code  0x08005d82     0x4  low_level_init.o [3]
  .text              ro code  0x08005d86     0x4  exit.o [3]
  .text              ro code  0x08005d8c     0xa  cexit.o [5]
  .text              ro code  0x08005d98    0x10  startup_stm32f407xx.o [1]
  .text              ro code  0x08005da8     0xc  cstartup_M.o [5]
  .rodata            const    0x08005db4     0x8  system_stm32f4xx.o [1]
  .text              ro code  0x08005dbc     0x4  startup_stm32f407xx.o [1]
  .text              ro code  0x08005dc0     0x4  startup_stm32f407xx.o [1]
  .text              ro code  0x08005dc4     0x4  startup_stm32f407xx.o [1]
  .text              ro code  0x08005dc8     0x4  startup_stm32f407xx.o [1]
  .text              ro code  0x08005dcc     0x4  startup_stm32f407xx.o [1]
  .text              ro code  0x08005dd0     0x4  startup_stm32f407xx.o [1]
  .text              ro code  0x08005dd4     0x4  startup_stm32f407xx.o [1]
  .text              ro code  0x08005dd8     0x4  startup_stm32f407xx.o [1]
  .text              ro code  0x08005ddc     0x4  startup_stm32f407xx.o [1]
  .text              ro code  0x08005de0     0x4  startup_stm32f407xx.o [1]
  .text              ro code  0x08005de4     0x4  startup_stm32f407xx.o [1]
  .text              ro code  0x08005de8     0x4  startup_stm32f407xx.o [1]
  .text              ro code  0x08005dec     0x4  startup_stm32f407xx.o [1]
  .text              ro code  0x08005df0     0x4  startup_stm32f407xx.o [1]
  .text              ro code  0x08005df4     0x4  startup_stm32f407xx.o [1]
  .text              ro code  0x08005df8     0x4  startup_stm32f407xx.o [1]
  .text              ro code  0x08005dfc     0x4  startup_stm32f407xx.o [1]
  .text              ro code  0x08005e00     0x4  startup_stm32f407xx.o [1]
  .text              ro code  0x08005e04     0x4  startup_stm32f407xx.o [1]
  .text              ro code  0x08005e08     0x4  startup_stm32f407xx.o [1]
  .text              ro code  0x08005e0c     0x4  startup_stm32f407xx.o [1]
  .text              ro code  0x08005e10     0x4  startup_stm32f407xx.o [1]
  .text              ro code  0x08005e14     0x4  startup_stm32f407xx.o [1]
  .text              ro code  0x08005e18     0x4  startup_stm32f407xx.o [1]
  .text              ro code  0x08005e1c     0x4  startup_stm32f407xx.o [1]
  .text              ro code  0x08005e20     0x4  startup_stm32f407xx.o [1]
  .text              ro code  0x08005e24     0x4  startup_stm32f407xx.o [1]
  .text              ro code  0x08005e28     0x4  startup_stm32f407xx.o [1]
  .text              ro code  0x08005e2c     0x4  startup_stm32f407xx.o [1]
  .text              ro code  0x08005e30     0x4  startup_stm32f407xx.o [1]
  .text              ro code  0x08005e34     0x4  startup_stm32f407xx.o [1]
  .text              ro code  0x08005e38     0x4  startup_stm32f407xx.o [1]
  .text              ro code  0x08005e3c     0x4  startup_stm32f407xx.o [1]
  .text              ro code  0x08005e40     0x4  startup_stm32f407xx.o [1]
  .text              ro code  0x08005e44     0x4  startup_stm32f407xx.o [1]
  .text              ro code  0x08005e48     0x4  startup_stm32f407xx.o [1]
  .text              ro code  0x08005e4c     0x4  startup_stm32f407xx.o [1]
  .text              ro code  0x08005e50     0x4  startup_stm32f407xx.o [1]
  .text              ro code  0x08005e54     0x4  startup_stm32f407xx.o [1]
  .text              ro code  0x08005e58     0x4  startup_stm32f407xx.o [1]
  .text              ro code  0x08005e5c     0x4  startup_stm32f407xx.o [1]
  .text              ro code  0x08005e60     0x4  startup_stm32f407xx.o [1]
  .text              ro code  0x08005e64     0x4  startup_stm32f407xx.o [1]
  .text              ro code  0x08005e68     0x4  startup_stm32f407xx.o [1]
  .text              ro code  0x08005e6c     0x4  startup_stm32f407xx.o [1]
  .text              ro code  0x08005e70     0x4  startup_stm32f407xx.o [1]
  .text              ro code  0x08005e74     0x4  startup_stm32f407xx.o [1]
  .text              ro code  0x08005e78     0x4  startup_stm32f407xx.o [1]
  .text              ro code  0x08005e7c     0x4  startup_stm32f407xx.o [1]
  .text              ro code  0x08005e80     0x4  startup_stm32f407xx.o [1]
  .text              ro code  0x08005e84     0x4  startup_stm32f407xx.o [1]
  .text              ro code  0x08005e88     0x4  startup_stm32f407xx.o [1]
  .text              ro code  0x08005e8c     0x4  startup_stm32f407xx.o [1]
  .text              ro code  0x08005e90     0x4  startup_stm32f407xx.o [1]
  .text              ro code  0x08005e94     0x4  startup_stm32f407xx.o [1]
  .text              ro code  0x08005e98     0x4  startup_stm32f407xx.o [1]
  .text              ro code  0x08005e9c     0x4  startup_stm32f407xx.o [1]
  .text              ro code  0x08005ea0     0x4  startup_stm32f407xx.o [1]
  .text              ro code  0x08005ea4     0x4  startup_stm32f407xx.o [1]
  .text              ro code  0x08005ea8     0x4  startup_stm32f407xx.o [1]
  .text              ro code  0x08005eac     0x4  startup_stm32f407xx.o [1]
  .text              ro code  0x08005eb0     0x4  startup_stm32f407xx.o [1]
  .text              ro code  0x08005eb4     0x4  startup_stm32f407xx.o [1]
  .text              ro code  0x08005eb8     0x4  startup_stm32f407xx.o [1]
  .text              ro code  0x08005ebc     0x4  startup_stm32f407xx.o [1]
  .text              ro code  0x08005ec0     0x4  startup_stm32f407xx.o [1]
  .text              ro code  0x08005ec4     0x4  startup_stm32f407xx.o [1]
  .text              ro code  0x08005ec8     0x4  startup_stm32f407xx.o [1]
  .text              ro code  0x08005ecc     0x4  startup_stm32f407xx.o [1]
  .text              ro code  0x08005ed0     0x4  startup_stm32f407xx.o [1]
  .text              ro code  0x08005ed4     0x4  startup_stm32f407xx.o [1]
  .text              ro code  0x08005ed8     0x4  startup_stm32f407xx.o [1]
  .text              ro code  0x08005edc     0x4  startup_stm32f407xx.o [1]
  .rodata            const    0x08005ee0     0x0  zero_init3.o [5]
  .rodata            const    0x08005ee0     0x0  copy_init3.o [5]
  Initializer bytes  const    0x08005ee0    0x10  <for P4 s0>
                            - 0x08005ef0  0x5d68

"P3":                                     0x2000
  CSTACK                      0x10000000  0x2000  <Block>
    CSTACK           uninit   0x10000000  0x2000  <Block tail>
                            - 0x10002000  0x2000

"P4", part 1 of 3:                          0x10
  P4 s0                       0x20000000    0x10  <Init block>
    .data            inited   0x20000000     0xc  stm32f4xx_hal.o [1]
    .data            inited   0x2000000c     0x4  system_stm32f4xx.o [1]
                            - 0x20000010    0x10

"P4", part 2 of 3:                         0x79c
  .bss               zero     0x20000010   0x1d8  dlmalloc.o [3]
  .bss               zero     0x200001e8   0x180  usart.o [1]
  .bss               zero     0x20000368   0x110  cmd.o [1]
  .bss               zero     0x20000478    0x98  cmd.o [1]
  .bss               zero     0x20000510    0x5c  can_utils.o [1]
  .bss               zero     0x2000056c    0x40  tim.o [1]
  .bss               zero     0x200005ac    0x40  tim.o [1]
  .bss               zero     0x200005ec    0x40  usart.o [1]
  .bss               zero     0x2000062c    0x40  usart.o [1]
  .bss               zero     0x2000066c    0x40  usart.o [1]
  .bss               zero     0x200006ac    0x40  usart.o [1]
  .bss               zero     0x200006ec    0x40  usart.o [1]
  .bss               zero     0x2000072c    0x28  can.o [1]
  .bss               zero     0x20000754    0x28  can_utils.o [1]
  .bss               zero     0x2000077c    0x18  dlmalloc.o [3]
  .bss               zero     0x20000794     0x4  cmd.o [1]
  .bss               zero     0x20000798     0x4  main.o [1]
  .bss               zero     0x2000079c     0x4  stm32f4xx_it.o [1]
  .bss               zero     0x200007a0     0x4  strtok.o [3]
  .bss               zero     0x200007a4     0x4  xgetmemchunk.o [3]
  .bss               zero     0x200007a8     0x4  xfail_s.o [3]
                            - 0x200007ac   0x79c

"P4", part 3 of 3:                        0x2000
  HEAP                        0x200007b0  0x2000  <Block>
    HEAP             uninit   0x200007b0  0x2000  <Block tail>
                            - 0x200027b0  0x2000


*******************************************************************************
*** INIT TABLE
***

          Address     Size
          -------     ----
Zero (__iar_zero_init3)
    1 destination range, total size 0x79c:
          0x20000010  0x79c

Copy (__iar_copy_init3)
    1 source range, total size 0x10:
          0x08005ee0   0x10
    1 destination range, total size 0x10:
          0x20000000   0x10



*******************************************************************************
*** MODULE SUMMARY
***

    Module                  ro code  ro data  rw data
    ------                  -------  -------  -------
D:\RoboconCode\Sick sensor\SICK DT35\EWARM\19_frame\Obj: [1]
    can.o                       184                40
    can_func.o                    4
    can_utils.o                 244               132
    cmd.o                       584               428
    cmd_func.o                   56
    dma.o                       120
    gpio.o                      572
    hash.o                      520
    main.o                      314                 4
    simplelib.o                 100
    startup_stm32f407xx.o       700
    stm32f4xx_hal.o             144       12       12
    stm32f4xx_hal_can.o       1 446
    stm32f4xx_hal_cortex.o      228
    stm32f4xx_hal_dma.o       1 024
    stm32f4xx_hal_gpio.o        504
    stm32f4xx_hal_msp.o          56
    stm32f4xx_hal_rcc.o       1 172
    stm32f4xx_hal_tim.o       1 160
    stm32f4xx_hal_tim_ex.o      146
    stm32f4xx_hal_uart.o      1 614
    stm32f4xx_it.o              192                 4
    system_stm32f4xx.o           96       12        4
    tim.o                       492               128
    usart.o                     946               704
    -------------------------------------------------
    Total:                   12 618       24    1 456

command line: [2]
    -------------------------------------------------
    Total:

dl7M_tln.a: [3]
    abort.o                       6
    dlmalloc.o                3 960               496
    exit.o                        4
    low_level_init.o              4
    strcspn.o                    34
    strspn.o                     34
    strtok.o                     72                 4
    vsnprint.o                   60
    xfail_s.o                    64                 4
    xgetmemchunk.o               44                 4
    xprintffull_nomb.o        3 618
    xsnprout.o                   26
    -------------------------------------------------
    Total:                    7 926               508

m7M_tls.a: [4]
    DblAdd.o                    360
    DblCmpGe.o                   46
    DblCmpLe.o                   46
    DblDiv.o                    582
    DblMul.o                    418
    DblSub.o                    226
    DblToS32.o                   58
    DblToU32.o                   40
    S32ToDbl.o                   34
    U32ToDbl.o                   26
    fpinit_M.o                   34
    frexp.o                     112
    ldexp.o                     314
    -------------------------------------------------
    Total:                    2 296

rt7M_tl.a: [5]
    ABImemclr4.o                  6
    ABImemcpy.o                 166
    ABImemset48.o                50
    I64DivMod.o                 558
    I64DivZer.o                   2
    cexit.o                      10
    cmain.o                      30
    copy_init3.o                 44
    cstartup_M.o                 12
    data_init.o                  40
    memchr.o                     88
    strchr.o                     22
    strcmp.o                     74
    strcpy.o                     76
    strlen.o                     54
    zero_init3.o                 64
    -------------------------------------------------
    Total:                    1 296

shb_l.a: [6]
    ABIassert.o                  36
    exit.o                       20
    -------------------------------------------------
    Total:                       56

    Gaps                         50        2
    Linker created                        36   16 384
-----------------------------------------------------
    Grand Total:             24 242       62   18 348


*******************************************************************************
*** ENTRY LIST
***

Entry                      Address   Size  Type      Object
-----                      -------   ----  ----      ------
.iar.init_table$$Base   0x08005d40          --   Gb  - Linker created -
.iar.init_table$$Limit  0x08005d64          --   Gb  - Linker created -
?main                   0x08005d65         Code  Gb  cmain.o [5]
AHBPrescTable           0x08005c78   0x10  Data  Gb  system_stm32f4xx.o [1]
APBPrescTable           0x08005db4    0x8  Data  Gb  system_stm32f4xx.o [1]
BusFault_Handler        0x08005b5f    0x2  Code  Gb  stm32f4xx_it.o [1]
CAN1_RX0_IRQHandler     0x08005bb7    0x6  Code  Gb  stm32f4xx_it.o [1]
CMD_USART               0x20000368   0x40  Data  Gb  cmd.o [1]
CSTACK$$Base            0x10000000          --   Gb  - Linker created -
CSTACK$$Limit           0x10002000          --   Gb  - Linker created -
DMA1_Stream1_IRQHandler
                        0x08005bab    0x6  Code  Gb  stm32f4xx_it.o [1]
DMA1_Stream3_IRQHandler
                        0x08005bb1    0x6  Code  Gb  stm32f4xx_it.o [1]
DMA2_Stream2_IRQHandler
                        0x08005bdd    0x6  Code  Gb  stm32f4xx_it.o [1]
DMA2_Stream7_IRQHandler
                        0x08005be3    0x6  Code  Gb  stm32f4xx_it.o [1]
DMAUSART_RX_BUF         0x20000478   0x64  Data  Gb  cmd.o [1]
DMA_CalcBaseAndBitshift
                        0x080039fd   0x28  Code  Lc  stm32f4xx_hal_dma.o [1]
DMA_CalcBaseAndBitshift::flagBitshiftOffset
                        0x08003a24    0x8  Data  Lc  stm32f4xx_hal_dma.o [1]
DMA_RxOK_Flag           0x200003a8    0x4  Data  Gb  cmd.o [1]
DMA_SetConfig           0x080039dd   0x20  Code  Lc  stm32f4xx_hal_dma.o [1]
DMAaRxBuffer            0x200003ac   0x64  Data  Gb  cmd.o [1]
DebugMon_Handler        0x08005b65    0x2  Code  Gb  stm32f4xx_it.o [1]
Error_Handler           0x08003d11    0x2  Code  Gb  main.o [1]
HAL_CAN_ActivateNotification
                        0x08004f55   0x16  Code  Gb  stm32f4xx_hal_can.o [1]
HAL_CAN_ConfigFilter    0x08004ce7   0xcc  Code  Gb  stm32f4xx_hal_can.o [1]
HAL_CAN_GetRxMessage    0x08004e57   0xea  Code  Gb  stm32f4xx_hal_can.o [1]
HAL_CAN_IRQHandler      0x08004f71  0x1f8  Code  Gb  stm32f4xx_hal_can.o [1]
HAL_CAN_Init            0x08004bd9  0x10e  Code  Gb  stm32f4xx_hal_can.o [1]
HAL_CAN_MspInit         0x08004289   0x66  Code  Gb  can.o [1]
HAL_CAN_RxFifo0FullCallback
                        0x08005a85    0x2  Code  Gb  can_utils.o [1]
HAL_CAN_RxFifo0MsgPendingCallback
                        0x08005a55   0x24  Code  Gb  can_utils.o [1]
HAL_CAN_Start           0x08004dc1   0x4c  Code  Gb  stm32f4xx_hal_can.o [1]
HAL_DMA_Abort           0x0800377d   0x8a  Code  Gb  stm32f4xx_hal_dma.o [1]
HAL_DMA_Abort_IT        0x08003807   0x24  Code  Gb  stm32f4xx_hal_dma.o [1]
HAL_DMA_IRQHandler      0x0800382b  0x188  Code  Gb  stm32f4xx_hal_dma.o [1]
HAL_DMA_Init            0x0800362d   0xe6  Code  Gb  stm32f4xx_hal_dma.o [1]
HAL_DMA_Start_IT        0x08003713   0x6a  Code  Gb  stm32f4xx_hal_dma.o [1]
HAL_GPIO_Init           0x08003d1d  0x1b2  Code  Gb  stm32f4xx_hal_gpio.o [1]
HAL_GPIO_TogglePin      0x08003ed7    0xc  Code  Gb  stm32f4xx_hal_gpio.o [1]
HAL_GPIO_WritePin       0x08003ecf    0x8  Code  Gb  stm32f4xx_hal_gpio.o [1]
HAL_GetTick             0x08003f15    0xc  Code  Wk  stm32f4xx_hal.o [1]
HAL_IncTick             0x08005c19   0x10  Code  Wk  stm32f4xx_hal.o [1]
HAL_Init                0x08003f61   0x30  Code  Gb  stm32f4xx_hal.o [1]
HAL_InitTick            0x08003f21   0x40  Code  Wk  stm32f4xx_hal.o [1]
HAL_MspInit             0x08004ba1   0x38  Code  Gb  stm32f4xx_hal_msp.o [1]
HAL_NVIC_EnableIRQ      0x080047a7   0x16  Code  Gb  stm32f4xx_hal_cortex.o [1]
HAL_NVIC_SetPriority    0x0800476d   0x3a  Code  Gb  stm32f4xx_hal_cortex.o [1]
HAL_NVIC_SetPriorityGrouping
                        0x08004753   0x1a  Code  Gb  stm32f4xx_hal_cortex.o [1]
HAL_RCC_ClockConfig     0x08003a35   0xfe  Code  Gb  stm32f4xx_hal_rcc.o [1]
HAL_RCC_GetHCLKFreq     0x08003b3f    0x6  Code  Gb  stm32f4xx_hal_rcc.o [1]
HAL_RCC_GetPCLK1Freq    0x08003b45   0x10  Code  Gb  stm32f4xx_hal_rcc.o [1]
HAL_RCC_GetPCLK2Freq    0x08003b55    0xe  Code  Gb  stm32f4xx_hal_rcc.o [1]
HAL_RCC_OscConfig       0x0800487d  0x2f0  Code  Wk  stm32f4xx_hal_rcc.o [1]
HAL_SYSTICK_CLKSourceConfig
                        0x080047e5   0x1a  Code  Gb  stm32f4xx_hal_cortex.o [1]
HAL_SYSTICK_Config      0x080047bd   0x28  Code  Gb  stm32f4xx_hal_cortex.o [1]
HAL_TIMEx_ConfigBreakDeadTime
                        0x0800562f   0x54  Code  Gb  stm32f4xx_hal_tim_ex.o [1]
HAL_TIMEx_MasterConfigSynchronization
                        0x080055f1   0x3e  Code  Gb  stm32f4xx_hal_tim_ex.o [1]
HAL_TIM_Base_Init       0x08005169   0x1a  Code  Gb  stm32f4xx_hal_tim.o [1]
HAL_TIM_Base_MspInit    0x08004449   0x26  Code  Gb  tim.o [1]
HAL_TIM_ConfigClockSource
                        0x080052a9   0x90  Code  Gb  stm32f4xx_hal_tim.o [1]
HAL_TIM_MspPostInit     0x0800446f   0x4e  Code  Gb  tim.o [1]
HAL_TIM_PWM_ConfigChannel
                        0x080051c1   0xc0  Code  Gb  stm32f4xx_hal_tim.o [1]
HAL_TIM_PWM_Init        0x08005197   0x1a  Code  Gb  stm32f4xx_hal_tim.o [1]
HAL_TIM_PWM_MspInit     0x08004423   0x26  Code  Gb  tim.o [1]
HAL_UART_DMAStop        0x08002db3   0x48  Code  Gb  stm32f4xx_hal_uart.o [1]
HAL_UART_ErrorCallback  0x080035e9   0x42  Code  Gb  usart.o [1]
HAL_UART_IDLECallback   0x08004569   0x64  Code  Gb  cmd.o [1]
HAL_UART_IRQHandler     0x08002e13  0x152  Code  Gb  stm32f4xx_hal_uart.o [1]
HAL_UART_Init           0x08002c31   0x1e  Code  Gb  stm32f4xx_hal_uart.o [1]
HAL_UART_MspInit        0x08003303  0x278  Code  Gb  usart.o [1]
HAL_UART_Receive_DMA    0x08002d21   0x92  Code  Gb  stm32f4xx_hal_uart.o [1]
HAL_UART_Transmit_DMA   0x08002ca9   0x78  Code  Gb  stm32f4xx_hal_uart.o [1]
HCAN                    0x20000754   0x28  Data  Gb  can_utils.o [1]
HEAP$$Base              0x200007b0          --   Gb  - Linker created -
HEAP$$Limit             0x200027b0          --   Gb  - Linker created -
HardFault_Handler       0x08005b5b    0x2  Code  Gb  stm32f4xx_it.o [1]
HashTable_create        0x080056b5   0x42  Code  Gb  hash.o [1]
HashTable_get           0x08005791   0x5c  Code  Gb  hash.o [1]
HashTable_insert        0x08005705   0x84  Code  Gb  hash.o [1]
HashTable_map           0x080057ed   0x60  Code  Gb  hash.o [1]
LoadInt                 0x08001313   0x7a  Code  Lc  xprintffull_nomb.o [3]
MX_CAN1_Init            0x08004249   0x40  Code  Gb  can.o [1]
MX_DMA_Init             0x080041d1   0x78  Code  Gb  dma.o [1]
MX_GPIO_Init            0x08003f95  0x1d8  Code  Gb  gpio.o [1]
MX_TIM1_Init            0x08004301   0xb2  Code  Gb  tim.o [1]
MX_TIM3_Init            0x080043b5   0x60  Code  Gb  tim.o [1]
MX_UART4_Init           0x08003279   0x14  Code  Gb  usart.o [1]
MX_UART5_Init           0x0800328d   0x14  Code  Gb  usart.o [1]
MX_USART1_UART_Init     0x080032a9   0x14  Code  Gb  usart.o [1]
MX_USART2_UART_Init     0x080032db   0x14  Code  Gb  usart.o [1]
MX_USART3_UART_Init     0x080032ef   0x14  Code  Gb  usart.o [1]
MemManage_Handler       0x08005b5d    0x2  Code  Gb  stm32f4xx_it.o [1]
NMI_Handler             0x08005b59    0x2  Code  Gb  stm32f4xx_it.o [1]
PendSV_Handler          0x08005b67    0x2  Code  Gb  stm32f4xx_it.o [1]
Region$$Table$$Base     0x08005d40          --   Gb  - Linker created -
Region$$Table$$Limit    0x08005d64          --   Gb  - Linker created -
RxHeader                0x20000544   0x1c  Data  Gb  can_utils.o [1]
SVC_Handler             0x08005b63    0x2  Code  Gb  stm32f4xx_it.o [1]
SysTick_Handler         0x08005b69   0x42  Code  Gb  stm32f4xx_it.o [1]
SysTick_Handler::time_1ms_cnt
                        0x2000079c    0x4  Data  Lc  stm32f4xx_it.o [1]
SystemClock_Config      0x08003c5d   0xa4  Code  Gb  main.o [1]
SystemCoreClock         0x2000000c    0x4  Data  Gb  system_stm32f4xx.o [1]
SystemInit              0x08005c29   0x3a  Code  Gb  system_stm32f4xx.o [1]
TIM_Base_SetConfig      0x08005363   0x96  Code  Gb  stm32f4xx_hal_tim.o [1]
TIM_ETR_SetConfig       0x080055d7   0x14  Code  Gb  stm32f4xx_hal_tim.o [1]
TIM_ITRx_SetConfig      0x080055c7   0x10  Code  Lc  stm32f4xx_hal_tim.o [1]
TIM_OC1_SetConfig       0x080053f9   0x52  Code  Lc  stm32f4xx_hal_tim.o [1]
TIM_OC2_SetConfig       0x0800544b   0x60  Code  Gb  stm32f4xx_hal_tim.o [1]
TIM_OC3_SetConfig       0x080054ab   0x58  Code  Lc  stm32f4xx_hal_tim.o [1]
TIM_OC4_SetConfig       0x0800550f   0x46  Code  Lc  stm32f4xx_hal_tim.o [1]
TIM_TI1_ConfigInputStage
                        0x08005585   0x1e  Code  Lc  stm32f4xx_hal_tim.o [1]
TIM_TI2_ConfigInputStage
                        0x080055a3   0x24  Code  Lc  stm32f4xx_hal_tim.o [1]
TxHeader                0x20000510   0x18  Data  Gb  can_utils.o [1]
TxMailbox               0x20000568    0x4  Data  Gb  can_utils.o [1]
UART_DMAAbortOnError    0x08003051    0xc  Code  Lc  stm32f4xx_hal_uart.o [1]
UART_DMAError           0x08002fd9   0x4a  Code  Lc  stm32f4xx_hal_uart.o [1]
UART_DMAReceiveCplt     0x08002f99   0x38  Code  Lc  stm32f4xx_hal_uart.o [1]
UART_DMARxHalfCplt      0x08002fd1    0x6  Code  Lc  stm32f4xx_hal_uart.o [1]
UART_DMATransmitCplt    0x08002f65   0x2a  Code  Lc  stm32f4xx_hal_uart.o [1]
UART_DMATxHalfCplt      0x08002f91    0x6  Code  Lc  stm32f4xx_hal_uart.o [1]
UART_EndRxTransfer      0x08003035   0x1c  Code  Lc  stm32f4xx_hal_uart.o [1]
UART_EndTxTransfer      0x08003023   0x12  Code  Lc  stm32f4xx_hal_uart.o [1]
UART_Receive_IT         0x0800305d   0x96  Code  Lc  stm32f4xx_hal_uart.o [1]
UART_SetConfig          0x080030f3  0x13a  Code  Lc  stm32f4xx_hal_uart.o [1]
USART1_IRQHandler       0x08005bbd    0x6  Code  Gb  stm32f4xx_it.o [1]
USART2_IRQHandler       0x08005bc3    0x6  Code  Gb  stm32f4xx_it.o [1]
USART3_IRQHandler       0x08005bc9   0x14  Code  Gb  stm32f4xx_it.o [1]
UsageFault_Handler      0x08005b61    0x2  Code  Gb  stm32f4xx_it.o [1]
_GenldFullNoMb          0x08001c81  0x274  Code  Lc  xprintffull_nomb.o [3]
_LdtobFullNoMb          0x08001855  0x3fe  Code  Lc  xprintffull_nomb.o [3]
_LitobFullNoMb          0x080016fd  0x112  Code  Lc  xprintffull_nomb.o [3]
_PrintfFullNoMb         0x08001161  0x1a4  Code  Gb  xprintffull_nomb.o [3]
_PutcharsFullNoMb       0x08001ef5   0x2e  Code  Lc  xprintffull_nomb.o [3]
_PutfldFullNoMb         0x0800138d  0x264  Code  Lc  xprintffull_nomb.o [3]
_PuttxtFullNoMb         0x080015f1  0x10c  Code  Lc  xprintffull_nomb.o [3]
_SNProut                0x08001107   0x1a  Code  Gb  xsnprout.o [3]
_Strtok_ssave           0x200007a0    0x4  Data  Lc  strtok.o [3]
__NVIC_SetPriority      0x08004735   0x1e  Code  Lc  stm32f4xx_hal_cortex.o [1]
__aeabi_assert          0x08005af1   0x24  Code  Gb  ABIassert.o [6]
__aeabi_cdcmple         0x08002559         Code  Gb  DblCmpLe.o [4]
__aeabi_cdrcmple        0x08002589         Code  Gb  DblCmpGe.o [4]
__aeabi_d2iz            0x080026f5         Code  Gb  DblToS32.o [4]
__aeabi_d2uiz           0x08002a81         Code  Gb  DblToU32.o [4]
__aeabi_ddiv            0x08002839         Code  Gb  DblDiv.o [4]
__aeabi_dmul            0x0800229d         Code  Gb  DblMul.o [4]
__aeabi_dsub            0x08002755         Code  Gb  DblSub.o [4]
__aeabi_i2d             0x08002731         Code  Gb  S32ToDbl.o [4]
__aeabi_ldiv0           0x08002ac5         Code  Gb  I64DivZer.o [5]
__aeabi_memclr4         0x08003d15         Code  Gb  ABImemclr4.o [5]
__aeabi_memcpy          0x08002441         Code  Gb  ABImemcpy.o [5]
__aeabi_memcpy4         0x08002461         Code  Gb  ABImemcpy.o [5]
__aeabi_memcpy8         0x08002461         Code  Gb  ABImemcpy.o [5]
__aeabi_ui2d            0x08002aa9         Code  Gb  U32ToDbl.o [4]
__aeabi_uldivmod        0x0800206d         Code  Gb  I64DivMod.o [5]
__cmain                 0x08005d65         Code  Gb  cmain.o [5]
__data_GetMemChunk      0x08001121   0x2c  Code  Gb  xgetmemchunk.o [3]
__data_GetMemChunk::start
                        0x200007a4    0x4  Data  Lc  xgetmemchunk.o [3]
__exit                  0x0800114d   0x14  Code  Gb  exit.o [6]
__iar_Fail_s            0x08001f9d   0x1c  Code  Gb  xfail_s.o [3]
__iar_Memchr            0x08002015         Code  Gb  memchr.o [5]
__iar_Memset4_word      0x08004b6d         Code  Gb  ABImemset48.o [5]
__iar_Memset8_word      0x08004b6d         Code  Gb  ABImemset48.o [5]
__iar_Strchr            0x08001f85         Code  Gb  strchr.o [5]
__iar_copy_init3        0x08005cc9   0x2c  Code  Gb  copy_init3.o [5]
__iar_dadd              0x08002765         Code  Gb  DblSub.o [4]
__iar_data_init3        0x08005cf5   0x28  Code  Gb  data_init.o [5]
__iar_dlmalloc          0x08000e45  0x2b6  Code  Gb  dlmalloc.o [3]
__iar_dsub              0x08002ac9         Code  Gb  DblAdd.o [4]
__iar_dsubStart         0x08002adb         Code  Gb  DblAdd.o [4]
__iar_frexp             0x080024f5         Code  Gb  frexp.o [4]
__iar_frexpl            0x080024f5         Code  Gb  frexp.o [4]
__iar_init_vfp          0x08005d1d         Code  Gb  fpinit_M.o [4]
__iar_ldexp64           0x080025b9         Code  Gb  ldexp.o [4]
__iar_program_start     0x08005da9         Code  Gb  cstartup_M.o [5]
__iar_scalbln64         0x080025b9         Code  Gb  ldexp.o [4]
__iar_scalbn64          0x080025b9         Code  Gb  ldexp.o [4]
__iar_softfp___iar_frexp64
                        0x080024e9         Code  Gb  frexp.o [4]
__iar_softfp_frexp      0x080024e9         Code  Gb  frexp.o [4]
__iar_softfp_frexpl     0x080024e9         Code  Gb  frexp.o [4]
__iar_systems$$module {Abs}
                        0x00000001         Data  Gb  command line/config [2]
__iar_zero_init3        0x08005c89   0x40  Code  Gb  zero_init3.o [5]
__low_level_init        0x08005d83    0x4  Code  Gb  low_level_init.o [3]
__vector_table          0x08000000         Data  Gb  startup_stm32f407xx.o [1]
_call_main              0x08005d71         Code  Gb  cmain.o [5]
_cmd_help               0x080046e5    0xc  Code  Lc  cmd.o [1]
_exit                   0x08005d8d         Code  Gb  cexit.o [5]
_gm_                    0x20000010  0x1d8  Data  Lc  dlmalloc.o [3]
_main                   0x08005d7f         Code  Gb  cmain.o [5]
abort                   0x08001101    0x6  Code  Gb  abort.o [3]
add_segment             0x0800054d  0x1f2  Code  Lc  dlmalloc.o [3]
buffer_count            0x200004dc    0x4  Data  Gb  cmd.o [1]
can_callback_table      0x20000564    0x4  Data  Lc  can_utils.o [1]
can_exc_callback        0x08005a37   0x1e  Code  Gb  can_utils.o [1]
can_exc_callback_flag   0x20000540    0x4  Data  Gb  can_utils.o [1]
can_func_init           0x08005ad5    0x2  Code  Gb  can_func.o [1]
can_init                0x080059a9   0x8e  Code  Gb  can_utils.o [1]
can_rx_data             0x20000528    0x8  Data  Gb  can_utils.o [1]
can_tx_data             0x20000530    0x8  Data  Gb  can_utils.o [1]
cmd_add                 0x08004641   0x52  Code  Gb  cmd.o [1]
cmd_argv                0x200004e0   0x30  Data  Gb  cmd.o [1]
cmd_exec                0x080045f9   0x2a  Code  Gb  cmd.o [1]
cmd_func_init           0x08005a9d    0xe  Code  Gb  cmd_func.o [1]
cmd_hello_func          0x08005aad    0x6  Code  Gb  cmd_func.o [1]
cmd_help_func           0x08004625   0x1c  Code  Gb  cmd.o [1]
cmd_init                0x08004519   0x28  Code  Gb  cmd.o [1]
cmd_parse               0x080045cd   0x2c  Code  Gb  cmd.o [1]
cmd_table               0x20000794    0x4  Data  Lc  cmd.o [1]
cmpAtom                 0x08005685    0xc  Code  Lc  hash.o [1]
exit                    0x08005d87    0x4  Code  Gb  exit.o [3]
freeKeyAtom             0x08005695    0x2  Code  Lc  hash.o [1]
hashAtom                0x08005691    0x4  Code  Lc  hash.o [1]
hashStr                 0x08005697   0x1e  Code  Gb  hash.o [1]
hash_id                 0x08005a89    0x4  Code  Lc  can_utils.o [1]
hcan1                   0x2000072c   0x28  Data  Gb  can.o [1]
hdma_usart1_rx          0x20000248   0x60  Data  Gb  usart.o [1]
hdma_usart1_tx          0x200001e8   0x60  Data  Gb  usart.o [1]
hdma_usart3_rx          0x200002a8   0x60  Data  Gb  usart.o [1]
hdma_usart3_tx          0x20000308   0x60  Data  Gb  usart.o [1]
htim1                   0x2000056c   0x40  Data  Gb  tim.o [1]
htim3                   0x200005ac   0x40  Data  Gb  tim.o [1]
huart1                  0x2000066c   0x40  Data  Gb  usart.o [1]
huart2                  0x200006ac   0x40  Data  Gb  usart.o [1]
huart3                  0x200006ec   0x40  Data  Gb  usart.o [1]
huart4                  0x200005ec   0x40  Data  Gb  usart.o [1]
huart5                  0x2000062c   0x40  Data  Gb  usart.o [1]
id_cmp                  0x08005a8d   0x10  Code  Lc  can_utils.o [1]
init_mparams            0x080001a7   0x32  Code  Lc  dlmalloc.o [3]
init_top                0x080001d9   0x32  Code  Lc  dlmalloc.o [3]
ldexp                   0x080025b9         Code  Gb  ldexp.o [4]
ldexpl                  0x080025b9         Code  Gb  ldexp.o [4]
main                    0x08003bd9   0x84  Code  Gb  main.o [1]
main_flag               0x20000798    0x4  Data  Gb  main.o [1]
memchr                  0x08002015         Code  Gb  memchr.o [5]
mparams                 0x2000077c   0x18  Data  Lc  dlmalloc.o [3]
prepend_alloc           0x0800020b  0x342  Code  Lc  dlmalloc.o [3]
print_buffer            0x20000410   0x68  Data  Gb  cmd.o [1]
rx_buffer               0x20000538    0x8  Data  Lc  can_utils.o [1]
rx_id                   0x20000560    0x4  Data  Lc  can_utils.o [1]
scalbln                 0x080025b9         Code  Gb  ldexp.o [4]
scalblnl                0x080025b9         Code  Gb  ldexp.o [4]
scalbn                  0x080025b9         Code  Gb  ldexp.o [4]
scalbnl                 0x080025b9         Code  Gb  ldexp.o [4]
scale                   0x0800180f   0x46  Code  Lc  xprintffull_nomb.o [3]
sec_hand                0x200007a8    0x4  Data  Lc  xfail_s.o [3]
segment_holding         0x08000189   0x1e  Code  Lc  dlmalloc.o [3]
simplelib_init          0x08004819   0x22  Code  Gb  simplelib.o [1]
simplelib_run           0x0800483b   0x20  Code  Gb  simplelib.o [1]
str_cmp                 0x080046d5    0xe  Code  Lc  cmd.o [1]
strchr                  0x08001f85         Code  Gb  strchr.o [5]
strcmp                  0x0800595d         Code  Gb  strcmp.o [5]
strcpy                  0x0800588d         Code  Gb  strcpy.o [5]
strcspn                 0x08005b37   0x22  Code  Gb  strcspn.o [3]
strlen                  0x08001fdd         Code  Gb  strlen.o [5]
strspn                  0x08005b15   0x22  Code  Gb  strspn.o [3]
strtok                  0x080058d9   0x48  Code  Gb  strtok.o [3]
sys_alloc               0x08000745  0x164  Code  Lc  dlmalloc.o [3]
tmalloc_large           0x080008b5  0x384  Code  Lc  dlmalloc.o [3]
tmalloc_small           0x08000c39  0x1fe  Code  Lc  dlmalloc.o [3]
uprintf                 0x08004693   0x26  Code  Gb  cmd.o [1]
usart_DMA_init          0x080044ed   0x2a  Code  Gb  cmd.o [1]
usart_exc_DMA           0x08004541   0x28  Code  Gb  cmd.o [1]
uwTick                  0x20000004    0x4  Data  Gb  stm32f4xx_hal.o [1]
uwTickFreq              0x20000000    0x1  Data  Gb  stm32f4xx_hal.o [1]
uwTickPrio              0x20000008    0x4  Data  Gb  stm32f4xx_hal.o [1]
vsnprintf               0x08005921   0x3c  Code  Gb  vsnprint.o [3]


[1] = D:\RoboconCode\Sick sensor\SICK DT35\EWARM\19_frame\Obj
[2] = command line
[3] = dl7M_tln.a
[4] = m7M_tls.a
[5] = rt7M_tl.a
[6] = shb_l.a

  24 242 bytes of readonly  code memory
      62 bytes of readonly  data memory
  18 348 bytes of readwrite data memory

Errors: none
Warnings: none
